00:00.901  blend            | Read blend: "/home/jivraj/experiments/blender/dream_rooms/scenes/01_simple.blend"
/home/jivraj/experiments/blender/dream_rooms/export_browser.py:41: DeprecationWarning: 'Material.use_nodes' is expected to be removed in Blender 6.0
  if not mat.use_nodes:
Info: Baking map saved to internal image, save it externally or pack it
Info: Baking map saved to internal image, save it externally or pack it
Info: Baking map saved to internal image, save it externally or pack it
Info: Baking map saved to internal image, save it externally or pack it
Info: Baking map saved to internal image, save it externally or pack it
Info: Baking map saved to internal image, save it externally or pack it
Info: Baking map saved to internal image, save it externally or pack it
INFO Draco is available, use library at /home/jivraj/experiments/blender/.tools/blender/blender-5.2.2-linux-x64/lib/libbf_intern_draco_bridge.so
INFO MeshOptimizer is available, use library at /home/jivraj/experiments/blender/.tools/blender/blender-5.2.2-linux-x64/lib/libbf_intern_meshopt_bridge.so
19:28:19 | INFO: Starting glTF 2.0 export
19:28:19 | INFO: Extracting primitive: Cone.014
19:28:19 | INFO: Primitives created: 1
19:28:19 | INFO: Extracting primitive: Cone.015
19:28:19 | INFO: Primitives created: 1
19:28:19 | INFO: Extracting primitive: Cone.016
19:28:19 | INFO: Primitives created: 1
19:28:19 | INFO: Extracting primitive: Abstract artwork line
19:28:19 | INFO: Primitives created: 1
19:28:19 | INFO: Extracting primitive: Cube.157
19:28:19 | INFO: Primitives created: 1
19:28:19 | INFO: Extracting primitive: Cube.156
19:28:19 | INFO: Primitives created: 1
19:28:19 | INFO: Extracting primitive: Cone.003
19:28:19 | INFO: Primitives created: 1
19:28:19 | INFO: Extracting primitive: Cone.005
19:28:19 | INFO: Primitives created: 1
19:28:19 | INFO: Extracting primitive: Cone.007
19:28:19 | INFO: Primitives created: 1
19:28:19 | INFO: Extracting primitive: Cone.009
19:28:19 | INFO: Primitives created: 1
19:28:19 | INFO: Extracting primitive: Cone.011
19:28:19 | INFO: Primitives created: 1
19:28:19 | INFO: Extracting primitive: Cone.002
19:28:19 | INFO: Primitives created: 1
19:28:19 | INFO: Extracting primitive: Cone.004
19:28:19 | INFO: Primitives created: 1
19:28:19 | INFO: Extracting primitive: Cone.006
19:28:19 | INFO: Primitives created: 1
19:28:19 | INFO: Extracting primitive: Cone.008
19:28:19 | INFO: Primitives created: 1
19:28:19 | INFO: Extracting primitive: Cone.010
19:28:19 | INFO: Primitives created: 1
19:28:19 | INFO: Extracting primitive: Cone.001
19:28:19 | INFO: Primitives created: 1
19:28:19 | INFO: Extracting primitive: Cube.155
19:28:19 | INFO: Primitives created: 1
19:28:19 | INFO: Extracting primitive: Cube.154
19:28:19 | INFO: Primitives created: 1
19:28:19 | INFO: Extracting primitive: Cube.149
19:28:19 | INFO: Primitives created: 1
19:28:19 | INFO: Extracting primitive: Cube.150
19:28:19 | INFO: Primitives created: 1
19:28:19 | INFO: Extracting primitive: Cube.151
19:28:19 | INFO: Primitives created: 1
19:28:19 | INFO: Extracting primitive: Cube.152
19:28:19 | INFO: Primitives created: 1
19:28:19 | INFO: Extracting primitive: Cube.153
19:28:19 | INFO: Primitives created: 1
19:28:19 | INFO: Extracting primitive: Cube.001
19:28:19 | INFO: Primitives created: 1
19:28:19 | INFO: Extracting primitive: Cube.147
19:28:19 | INFO: Primitives created: 1
19:28:19 | INFO: Extracting primitive: Cube.146
19:28:19 | INFO: Primitives created: 1
19:28:19 | INFO: Extracting primitive: Cube.144
19:28:19 | INFO: Primitives created: 1
19:28:19 | INFO: Extracting primitive: Cube.145
19:28:19 | INFO: Primitives created: 1
19:28:19 | INFO: Extracting primitive: Cube.143
19:28:19 | INFO: Primitives created: 1
19:28:19 | INFO: Extracting primitive: Cone
19:28:19 | INFO: Primitives created: 1
19:28:19 | INFO: Extracting primitive: Cube.002
19:28:19 | INFO: Primitives created: 1
19:28:19 | INFO: Extracting primitive: Cube.003
19:28:19 | INFO: Primitives created: 1
19:28:19 | INFO: Extracting primitive: Cube.004
19:28:19 | INFO: Primitives created: 1
19:28:19 | INFO: Extracting primitive: Cube.005
19:28:19 | INFO: Primitives created: 1
19:28:19 | INFO: Extracting primitive: Cube.006
19:28:19 | INFO: Primitives created: 1
19:28:19 | INFO: Extracting primitive: Cube.007
19:28:19 | INFO: Primitives created: 1
19:28:19 | INFO: Extracting primitive: Cube.008
19:28:19 | INFO: Primitives created: 1
19:28:19 | INFO: Extracting primitive: Cube.009
19:28:19 | INFO: Primitives created: 1
19:28:19 | INFO: Extracting primitive: Cube.010
19:28:19 | INFO: Primitives created: 1
19:28:19 | INFO: Extracting primitive: Cube.011
19:28:19 | INFO: Primitives created: 1
19:28:19 | INFO: Extracting primitive: Cube.012
19:28:19 | INFO: Primitives created: 1
19:28:19 | INFO: Extracting primitive: Cube.013
19:28:19 | INFO: Primitives created: 1
19:28:19 | INFO: Extracting primitive: Cube.014
19:28:19 | INFO: Primitives created: 1
19:28:19 | INFO: Extracting primitive: Cube.015
19:28:19 | INFO: Primitives created: 1
19:28:19 | INFO: Extracting primitive: Cube.016
19:28:19 | INFO: Primitives created: 1
19:28:19 | INFO: Extracting primitive: Cube.017
19:28:19 | INFO: Primitives created: 1
19:28:19 | INFO: Extracting primitive: Cube.018
19:28:19 | INFO: Primitives created: 1
19:28:19 | INFO: Extracting primitive: Cube.019
19:28:19 | INFO: Primitives created: 1
19:28:19 | INFO: Extracting primitive: Cube.020
19:28:19 | INFO: Primitives created: 1
19:28:19 | INFO: Extracting primitive: Cube.021
19:28:19 | INFO: Primitives created: 1
19:28:19 | INFO: Extracting primitive: Cube.022
19:28:19 | INFO: Primitives created: 1
19:28:19 | INFO: Extracting primitive: Cube.023
19:28:19 | INFO: Primitives created: 1
19:28:19 | INFO: Extracting primitive: Cube.024
19:28:19 | INFO: Primitives created: 1
19:28:19 | INFO: Extracting primitive: Cube.025
19:28:19 | INFO: Primitives created: 1
19:28:19 | INFO: Extracting primitive: Cube.026
19:28:19 | INFO: Primitives created: 1
19:28:19 | INFO: Extracting primitive: Cube.027
19:28:19 | INFO: Primitives created: 1
19:28:19 | INFO: Extracting primitive: Cube.028
19:28:19 | INFO: Primitives created: 1
19:28:19 | INFO: Extracting primitive: Cube.029
19:28:19 | INFO: Primitives created: 1
19:28:19 | INFO: Extracting primitive: Cube.030
19:28:19 | INFO: Primitives created: 1
19:28:19 | INFO: Extracting primitive: Cube.031
19:28:19 | INFO: Primitives created: 1
19:28:19 | INFO: Extracting primitive: Cube.032
19:28:19 | INFO: Primitives created: 1
19:28:19 | INFO: Extracting primitive: Cube.033
19:28:19 | INFO: Primitives created: 1
19:28:19 | INFO: Extracting primitive: Cube.034
19:28:19 | INFO: Primitives created: 1
19:28:19 | INFO: Extracting primitive: Cube.035
19:28:19 | INFO: Primitives created: 1
19:28:19 | INFO: Extracting primitive: Cube.036
19:28:19 | INFO: Primitives created: 1
19:28:19 | INFO: Extracting primitive: Cube.037
19:28:19 | INFO: Primitives created: 1
19:28:19 | INFO: Extracting primitive: Cube.038
19:28:19 | INFO: Primitives created: 1
19:28:19 | INFO: Extracting primitive: Cube.039
19:28:19 | INFO: Primitives created: 1
19:28:19 | INFO: Extracting primitive: Cube.040
19:28:19 | INFO: Primitives created: 1
19:28:19 | INFO: Extracting primitive: Cube.041
19:28:19 | INFO: Primitives created: 1
19:28:19 | INFO: Extracting primitive: Cube.042
19:28:19 | INFO: Primitives created: 1
19:28:19 | INFO: Extracting primitive: Cube.043
19:28:19 | INFO: Primitives created: 1
19:28:19 | INFO: Extracting primitive: Cube.044
19:28:19 | INFO: Primitives created: 1
19:28:19 | INFO: Extracting primitive: Cube.045
19:28:19 | INFO: Primitives created: 1
19:28:19 | INFO: Extracting primitive: Cube.046
19:28:19 | INFO: Primitives created: 1
19:28:19 | INFO: Extracting primitive: Cube.047
19:28:19 | INFO: Primitives created: 1
19:28:19 | INFO: Extracting primitive: Cube.048
19:28:19 | INFO: Primitives created: 1
19:28:19 | INFO: Extracting primitive: Cube.049
19:28:19 | INFO: Primitives created: 1
19:28:19 | INFO: Extracting primitive: Cube.050
19:28:19 | INFO: Primitives created: 1
19:28:19 | INFO: Extracting primitive: Cube.051
19:28:19 | INFO: Primitives created: 1
19:28:19 | INFO: Extracting primitive: Cube.052
19:28:19 | INFO: Primitives created: 1
19:28:19 | INFO: Extracting primitive: Cube.053
19:28:19 | INFO: Primitives created: 1
19:28:19 | INFO: Extracting primitive: Cube.054
19:28:19 | INFO: Primitives created: 1
19:28:19 | INFO: Extracting primitive: Cube.055
19:28:19 | INFO: Primitives created: 1
19:28:19 | INFO: Extracting primitive: Cube.056
19:28:19 | INFO: Primitives created: 1
19:28:19 | INFO: Extracting primitive: Cube.057
19:28:19 | INFO: Primitives created: 1
19:28:19 | INFO: Extracting primitive: Cube.058
19:28:19 | INFO: Primitives created: 1
19:28:19 | INFO: Extracting primitive: Cube.059
19:28:19 | INFO: Primitives created: 1
19:28:19 | INFO: Extracting primitive: Cube.060
19:28:19 | INFO: Primitives created: 1
19:28:19 | INFO: Extracting primitive: Cube.061
19:28:19 | INFO: Primitives created: 1
19:28:19 | INFO: Extracting primitive: Cube.062
19:28:19 | INFO: Primitives created: 1
19:28:19 | INFO: Extracting primitive: Cube.063
19:28:19 | INFO: Primitives created: 1
19:28:19 | INFO: Extracting primitive: Cube.064
19:28:19 | INFO: Primitives created: 1
19:28:19 | INFO: Extracting primitive: Cube.065
19:28:19 | INFO: Primitives created: 1
19:28:19 | INFO: Extracting primitive: Cube.066
19:28:19 | INFO: Primitives created: 1
19:28:19 | INFO: Extracting primitive: Cube.067
19:28:19 | INFO: Primitives created: 1
19:28:19 | INFO: Extracting primitive: Cube.068
19:28:19 | INFO: Primitives created: 1
19:28:19 | INFO: Extracting primitive: Cube.069
19:28:19 | INFO: Primitives created: 1
19:28:19 | INFO: Extracting primitive: Cube.070
19:28:19 | INFO: Primitives created: 1
19:28:19 | INFO: Extracting primitive: Cube.071
19:28:19 | INFO: Primitives created: 1
19:28:19 | INFO: Extracting primitive: Cube.072
19:28:19 | INFO: Primitives created: 1
19:28:19 | INFO: Extracting primitive: Cube.073
19:28:19 | INFO: Primitives created: 1
19:28:19 | INFO: Extracting primitive: Cube.074
19:28:19 | INFO: Primitives created: 1
19:28:19 | INFO: Extracting primitive: Cube.075
19:28:19 | INFO: Primitives created: 1
19:28:19 | INFO: Extracting primitive: Cube.076
19:28:19 | INFO: Primitives created: 1
19:28:19 | INFO: Extracting primitive: Cube.077
19:28:19 | INFO: Primitives created: 1
19:28:19 | INFO: Extracting primitive: Cube.078
19:28:19 | INFO: Primitives created: 1
19:28:19 | INFO: Extracting primitive: Cube.079
19:28:19 | INFO: Primitives created: 1
19:28:19 | INFO: Extracting primitive: Cube.080
19:28:19 | INFO: Primitives created: 1
19:28:19 | INFO: Extracting primitive: Cube.081
19:28:19 | INFO: Primitives created: 1
19:28:19 | INFO: Extracting primitive: Cube.082
19:28:19 | INFO: Primitives created: 1
19:28:19 | INFO: Extracting primitive: Cube.083
19:28:19 | INFO: Primitives created: 1
19:28:19 | INFO: Extracting primitive: Cube.084
19:28:19 | INFO: Primitives created: 1
19:28:19 | INFO: Extracting primitive: Cube.085
19:28:19 | INFO: Primitives created: 1
19:28:19 | INFO: Extracting primitive: Cube.086
19:28:19 | INFO: Primitives created: 1
19:28:19 | INFO: Extracting primitive: Cube.087
19:28:19 | INFO: Primitives created: 1
19:28:19 | INFO: Extracting primitive: Cube.088
19:28:19 | INFO: Primitives created: 1
19:28:19 | INFO: Extracting primitive: Cube.089
19:28:19 | INFO: Primitives created: 1
19:28:19 | INFO: Extracting primitive: Cube.090
19:28:19 | INFO: Primitives created: 1
19:28:19 | INFO: Extracting primitive: Cube.091
19:28:19 | INFO: Primitives created: 1
19:28:19 | INFO: Extracting primitive: Cube.092
19:28:19 | INFO: Primitives created: 1
19:28:19 | INFO: Extracting primitive: Cube.093
19:28:19 | INFO: Primitives created: 1
19:28:19 | INFO: Extracting primitive: Cube.094
19:28:19 | INFO: Primitives created: 1
19:28:19 | INFO: Extracting primitive: Cube.095
19:28:19 | INFO: Primitives created: 1
19:28:19 | INFO: Extracting primitive: Cube.096
19:28:19 | INFO: Primitives created: 1
19:28:19 | INFO: Extracting primitive: Cube.097
19:28:19 | INFO: Primitives created: 1
19:28:19 | INFO: Extracting primitive: Cube.098
19:28:19 | INFO: Primitives created: 1
19:28:19 | INFO: Extracting primitive: Cube.099
19:28:19 | INFO: Primitives created: 1
19:28:19 | INFO: Extracting primitive: Cube.100
19:28:19 | INFO: Primitives created: 1
19:28:19 | INFO: Extracting primitive: Cube.101
19:28:19 | INFO: Primitives created: 1
19:28:19 | INFO: Extracting primitive: Cube.102
19:28:19 | INFO: Primitives created: 1
19:28:19 | INFO: Extracting primitive: Cube.103
19:28:19 | INFO: Primitives created: 1
19:28:19 | INFO: Extracting primitive: Cube.104
19:28:19 | INFO: Primitives created: 1
19:28:19 | INFO: Extracting primitive: Cube.105
19:28:19 | INFO: Primitives created: 1
19:28:19 | INFO: Extracting primitive: Cube.106
19:28:19 | INFO: Primitives created: 1
19:28:19 | INFO: Extracting primitive: Cube.107
19:28:19 | INFO: Primitives created: 1
19:28:19 | INFO: Extracting primitive: Cube.108
19:28:19 | INFO: Primitives created: 1
19:28:19 | INFO: Extracting primitive: Cube.109
19:28:19 | INFO: Primitives created: 1
19:28:19 | INFO: Extracting primitive: Cube.110
19:28:19 | INFO: Primitives created: 1
19:28:19 | INFO: Extracting primitive: Cube.111
19:28:19 | INFO: Primitives created: 1
19:28:19 | INFO: Extracting primitive: Cube.112
19:28:19 | INFO: Primitives created: 1
19:28:19 | INFO: Extracting primitive: Cube.113
19:28:19 | INFO: Primitives created: 1
19:28:19 | INFO: Extracting primitive: Cube.114
19:28:19 | INFO: Primitives created: 1
19:28:19 | INFO: Extracting primitive: Cube.115
19:28:19 | INFO: Primitives created: 1
19:28:19 | INFO: Extracting primitive: Cube.116
19:28:19 | INFO: Primitives created: 1
19:28:19 | INFO: Extracting primitive: Cube.117
19:28:19 | INFO: Primitives created: 1
19:28:19 | INFO: Extracting primitive: Cube.118
19:28:19 | INFO: Primitives created: 1
19:28:19 | INFO: Extracting primitive: Cube.119
19:28:19 | INFO: Primitives created: 1
19:28:19 | INFO: Extracting primitive: Cube.120
19:28:19 | INFO: Primitives created: 1
19:28:19 | INFO: Extracting primitive: Cube.121
19:28:19 | INFO: Primitives created: 1
19:28:19 | INFO: Extracting primitive: Cube.122
19:28:19 | INFO: Primitives created: 1
19:28:19 | INFO: Extracting primitive: Cube.123
19:28:19 | INFO: Primitives created: 1
19:28:19 | INFO: Extracting primitive: Cube.124
19:28:19 | INFO: Primitives created: 1
19:28:19 | INFO: Extracting primitive: Cube.125
19:28:19 | INFO: Primitives created: 1
19:28:19 | INFO: Extracting primitive: Cube.126
19:28:19 | INFO: Primitives created: 1
19:28:19 | INFO: Extracting primitive: Cube.162
19:28:19 | INFO: Primitives created: 1
19:28:19 | INFO: Extracting primitive: Cube.161
19:28:19 | INFO: Primitives created: 1
19:28:19 | INFO: Extracting primitive: Cube.133
19:28:19 | INFO: Primitives created: 1
19:28:19 | INFO: Extracting primitive: Cube.127
19:28:19 | INFO: Primitives created: 1
19:28:19 | INFO: Extracting primitive: Cube.158
19:28:19 | INFO: Primitives created: 1
19:28:19 | INFO: Extracting primitive: Cube.148
19:28:19 | INFO: Primitives created: 1
19:28:19 | INFO: Extracting primitive: Cube.135
19:28:20 | INFO: Primitives created: 1
19:28:20 | INFO: Extracting primitive: Cube.130
19:28:20 | INFO: Primitives created: 1
19:28:20 | INFO: Extracting primitive: Cube.129
19:28:20 | INFO: Primitives created: 1
19:28:20 | INFO: Extracting primitive: Cube.131
19:28:20 | INFO: Primitives created: 1
19:28:20 | INFO: Extracting primitive: Cube.132
19:28:20 | INFO: Primitives created: 1
19:28:20 | INFO: Extracting primitive: Cube.134
19:28:20 | INFO: Primitives created: 1
19:28:20 | INFO: Extracting primitive: Cube.128
19:28:20 | INFO: Primitives created: 1
19:28:20 | INFO: Extracting primitive: Cube.159
19:28:20 | INFO: Primitives created: 1
19:28:20 | INFO: Extracting primitive: Cone.013
19:28:20 | INFO: Primitives created: 1
19:28:20 | INFO: Extracting primitive: Cube.160
19:28:20 | INFO: Primitives created: 1
19:28:20 | INFO: Extracting primitive: Cone.012
19:28:20 | INFO: Primitives created: 1
19:28:20 | INFO: Extracting primitive: Sphere
19:28:20 | INFO: Primitives created: 1
19:28:20 | INFO: Extracting primitive: Window garden backdrop
19:28:20 | INFO: Primitives created: 1
19:28:20 | INFO: Extracting primitive: Cube.138
19:28:20 | INFO: Primitives created: 1
19:28:20 | INFO: Extracting primitive: Cube.139
19:28:20 | INFO: Primitives created: 1
19:28:20 | INFO: Extracting primitive: Cube.140
19:28:20 | INFO: Primitives created: 1
19:28:20 | INFO: Extracting primitive: Cube.141
19:28:20 | INFO: Primitives created: 1
19:28:20 | INFO: Extracting primitive: Cube.136
19:28:20 | INFO: Primitives created: 1
19:28:20 | INFO: Extracting primitive: Cube.137
19:28:20 | INFO: Primitives created: 1
19:28:20 | INFO: Extracting primitive: Cube.142
19:28:20 | INFO: Primitives created: 1
19:28:20 | INFO: Finished glTF 2.0 export in 1.2062242031097412 s

BROWSER_EXPORT {"room": "simple", "file": "/home/jivraj/experiments/blender/dream_rooms/viewer/models/01_simple.glb", "bytes": 5479660, "authored_objects": 182, "baked_color_materials": ["Honey oak furniture", "Oak floor variation 0", "Oak floor variation 1", "Oak floor variation 2", "Oak floor variation 3", "Oak floor variation 4", "Walnut detail"], "omitted": ["Presentation ground", "render cameras", "Blender light rig", "procedural micro-bump"], "material_note": "Base-color procedural textures baked on a canonical UV plane; browser lighting differs from Cycles.", "window_note": "Distant greenery is a cropped-reference backdrop, not modeled vegetation outside the room."}
Blender 5.2.2 LTS (hash d13f752e3b9c built 2026-09-15 01:34:58)

Blender quit
