00:00.417  blend            | Read blend: "/home/jivraj/experiments/blender/dream_rooms/scenes/04_dream.blend"
/home/jivraj/experiments/blender/dream_rooms/export_browser.py:41: DeprecationWarning: 'Material.use_nodes' is expected to be removed in Blender 6.0
  if not mat.use_nodes:
Info: Baking map saved to internal image, save it externally or pack it
Info: Baking map saved to internal image, save it externally or pack it
Info: Baking map saved to internal image, save it externally or pack it
Info: Baking map saved to internal image, save it externally or pack it
Info: Baking map saved to internal image, save it externally or pack it
Info: Baking map saved to internal image, save it externally or pack it
Info: Baking map saved to internal image, save it externally or pack it
Info: Baking map saved to internal image, save it externally or pack it
INFO Draco is available, use library at /home/jivraj/experiments/blender/.tools/blender/blender-5.2.2-linux-x64/lib/libbf_intern_draco_bridge.so
INFO MeshOptimizer is available, use library at /home/jivraj/experiments/blender/.tools/blender/blender-5.2.2-linux-x64/lib/libbf_intern_meshopt_bridge.so
19:26:57 | INFO: Starting glTF 2.0 export
19:26:57 | INFO: Extracting primitive: Cone.366
19:26:57 | INFO: Primitives created: 1
19:26:57 | INFO: Extracting primitive: Cone.367
19:26:57 | INFO: Primitives created: 1
19:26:57 | INFO: Extracting primitive: Cone.368
19:26:57 | INFO: Primitives created: 1
19:26:57 | INFO: Extracting primitive: Cone.369
19:26:57 | INFO: Primitives created: 1
19:26:57 | INFO: Extracting primitive: Cone.370
19:26:57 | INFO: Primitives created: 1
19:26:57 | INFO: Extracting primitive: Cone.371
19:26:57 | INFO: Primitives created: 1
19:26:57 | INFO: Extracting primitive: Cone.372
19:26:57 | INFO: Primitives created: 1
19:26:57 | INFO: Extracting primitive: Cone.373
19:26:57 | INFO: Primitives created: 1
19:26:57 | INFO: Extracting primitive: Cone.374
19:26:57 | INFO: Primitives created: 1
19:26:57 | INFO: Extracting primitive: Cone.375
19:26:57 | INFO: Primitives created: 1
19:26:57 | INFO: Extracting primitive: Cone.376
19:26:57 | INFO: Primitives created: 1
19:26:57 | INFO: Extracting primitive: Cone.377
19:26:57 | INFO: Primitives created: 1
19:26:57 | INFO: Extracting primitive: Abstract artwork line
19:26:57 | INFO: Primitives created: 1
19:26:57 | INFO: Extracting primitive: Abstract artwork line.001
19:26:57 | INFO: Primitives created: 1
19:26:57 | INFO: Extracting primitive: Abstract artwork line.002
19:26:57 | INFO: Primitives created: 1
19:26:57 | INFO: Extracting primitive: Abstract artwork line.003
19:26:57 | INFO: Primitives created: 1
19:26:57 | INFO: Extracting primitive: Cube.230
19:26:57 | INFO: Primitives created: 1
19:26:57 | INFO: Extracting primitive: Cube.229
19:26:57 | INFO: Primitives created: 1
19:26:57 | INFO: Extracting primitive: Cube.235
19:26:57 | INFO: Primitives created: 1
19:26:57 | INFO: Extracting primitive: Cube.236
19:26:57 | INFO: Primitives created: 1
19:26:57 | INFO: Extracting primitive: Cube.238
19:26:57 | INFO: Primitives created: 1
19:26:57 | INFO: Extracting primitive: Cube.239
19:26:57 | INFO: Primitives created: 1
19:26:57 | INFO: Extracting primitive: Cone.070
19:26:57 | INFO: Primitives created: 1
19:26:57 | INFO: Extracting primitive: Cone.074
19:26:57 | INFO: Primitives created: 1
19:26:57 | INFO: Extracting primitive: Cone.071
19:26:57 | INFO: Primitives created: 1
19:26:57 | INFO: Extracting primitive: Cone.075
19:26:57 | INFO: Primitives created: 1
19:26:57 | INFO: Extracting primitive: Cube.260
19:26:57 | INFO: Primitives created: 1
19:26:57 | INFO: Extracting primitive: Cube.262
19:26:57 | INFO: Primitives created: 1
19:26:57 | INFO: Extracting primitive: Cube.264
19:26:57 | INFO: Primitives created: 1
19:26:57 | INFO: Extracting primitive: Cube.266
19:26:57 | INFO: Primitives created: 1
19:26:57 | INFO: Extracting primitive: Cube.268
19:26:57 | INFO: Primitives created: 1
19:26:57 | INFO: Extracting primitive: Cube.270
19:26:57 | INFO: Primitives created: 1
19:26:57 | INFO: Extracting primitive: Cube.272
19:26:57 | INFO: Primitives created: 1
19:26:57 | INFO: Extracting primitive: Cube.274
19:26:57 | INFO: Primitives created: 1
19:26:57 | INFO: Extracting primitive: Cube.276
19:26:57 | INFO: Primitives created: 1
19:26:57 | INFO: Extracting primitive: Cube.278
19:26:57 | INFO: Primitives created: 1
19:26:57 | INFO: Extracting primitive: Cube.280
19:26:57 | INFO: Primitives created: 1
19:26:57 | INFO: Extracting primitive: Cube.282
19:26:57 | INFO: Primitives created: 1
19:26:57 | INFO: Extracting primitive: Cube.284
19:26:57 | INFO: Primitives created: 1
19:26:57 | INFO: Extracting primitive: Cube.286
19:26:57 | INFO: Primitives created: 1
19:26:57 | INFO: Extracting primitive: Cube.288
19:26:57 | INFO: Primitives created: 1
19:26:57 | INFO: Extracting primitive: Cube.290
19:26:57 | INFO: Primitives created: 1
19:26:57 | INFO: Extracting primitive: Cube.292
19:26:57 | INFO: Primitives created: 1
19:26:57 | INFO: Extracting primitive: Cube.294
19:26:57 | INFO: Primitives created: 1
19:26:57 | INFO: Extracting primitive: Cube.296
19:26:57 | INFO: Primitives created: 1
19:26:57 | INFO: Extracting primitive: Cube.298
19:26:57 | INFO: Primitives created: 1
19:26:57 | INFO: Extracting primitive: Cube.300
19:26:57 | INFO: Primitives created: 1
19:26:57 | INFO: Extracting primitive: Cube.302
19:26:57 | INFO: Primitives created: 1
19:26:57 | INFO: Extracting primitive: Cube.304
19:26:57 | INFO: Primitives created: 1
19:26:57 | INFO: Extracting primitive: Cube.306
19:26:57 | INFO: Primitives created: 1
19:26:57 | INFO: Extracting primitive: Cube.308
19:26:57 | INFO: Primitives created: 1
19:26:57 | INFO: Extracting primitive: Cube.310
19:26:57 | INFO: Primitives created: 1
19:26:57 | INFO: Extracting primitive: Cube.312
19:26:57 | INFO: Primitives created: 1
19:26:57 | INFO: Extracting primitive: Cube.314
19:26:57 | INFO: Primitives created: 1
19:26:57 | INFO: Extracting primitive: Cube.316
19:26:57 | INFO: Primitives created: 1
19:26:57 | INFO: Extracting primitive: Cube.318
19:26:57 | INFO: Primitives created: 1
19:26:57 | INFO: Extracting primitive: Cube.320
19:26:57 | INFO: Primitives created: 1
19:26:57 | INFO: Extracting primitive: Cube.322
19:26:57 | INFO: Primitives created: 1
19:26:57 | INFO: Extracting primitive: Cube.324
19:26:57 | INFO: Primitives created: 1
19:26:57 | INFO: Extracting primitive: Cube.326
19:26:57 | INFO: Primitives created: 1
19:26:57 | INFO: Extracting primitive: Cube.328
19:26:57 | INFO: Primitives created: 1
19:26:57 | INFO: Extracting primitive: Cube.330
19:26:57 | INFO: Primitives created: 1
19:26:57 | INFO: Extracting primitive: Cube.252
19:26:57 | INFO: Primitives created: 1
19:26:57 | INFO: Extracting primitive: Bookcase crown plant leaf
19:26:57 | INFO: Primitives created: 1
19:26:57 | INFO: Extracting primitive: Bookcase crown plant leaf midrib
19:26:57 | INFO: Primitives created: 1
19:26:57 | INFO: Extracting primitive: Bookcase crown plant leaf midrib.001
19:26:57 | INFO: Primitives created: 1
19:26:57 | INFO: Extracting primitive: Bookcase crown plant leaf midrib.002
19:26:57 | INFO: Primitives created: 1
19:26:57 | INFO: Extracting primitive: Bookcase crown plant leaf midrib.003
19:26:57 | INFO: Primitives created: 1
19:26:57 | INFO: Extracting primitive: Bookcase crown plant leaf midrib.004
19:26:57 | INFO: Primitives created: 1
19:26:57 | INFO: Extracting primitive: Bookcase crown plant leaf midrib.005
19:26:57 | INFO: Primitives created: 1
19:26:57 | INFO: Extracting primitive: Bookcase crown plant leaf midrib.006
19:26:57 | INFO: Primitives created: 1
19:26:57 | INFO: Extracting primitive: Bookcase crown plant leaf midrib.007
19:26:57 | INFO: Primitives created: 1
19:26:57 | INFO: Extracting primitive: Bookcase crown plant leaf midrib.008
19:26:57 | INFO: Primitives created: 1
19:26:57 | INFO: Extracting primitive: Bookcase crown plant leaf midrib.009
19:26:57 | INFO: Primitives created: 1
19:26:57 | INFO: Extracting primitive: Bookcase crown plant leaf midrib.010
19:26:57 | INFO: Primitives created: 1
19:26:57 | INFO: Extracting primitive: Bookcase crown plant leaf.001
19:26:57 | INFO: Primitives created: 1
19:26:57 | INFO: Extracting primitive: Bookcase crown plant leaf.002
19:26:57 | INFO: Primitives created: 1
19:26:57 | INFO: Extracting primitive: Bookcase crown plant leaf.003
19:26:57 | INFO: Primitives created: 1
19:26:57 | INFO: Extracting primitive: Bookcase crown plant leaf.004
19:26:57 | INFO: Primitives created: 1
19:26:57 | INFO: Extracting primitive: Bookcase crown plant leaf.005
19:26:57 | INFO: Primitives created: 1
19:26:57 | INFO: Extracting primitive: Bookcase crown plant leaf.006
19:26:57 | INFO: Primitives created: 1
19:26:57 | INFO: Extracting primitive: Bookcase crown plant leaf.007
19:26:57 | INFO: Primitives created: 1
19:26:57 | INFO: Extracting primitive: Bookcase crown plant leaf.008
19:26:57 | INFO: Primitives created: 1
19:26:57 | INFO: Extracting primitive: Bookcase crown plant leaf.009
19:26:57 | INFO: Primitives created: 1
19:26:57 | INFO: Extracting primitive: Bookcase crown plant leaf.010
19:26:57 | INFO: Primitives created: 1
19:26:57 | INFO: Extracting primitive: Cone.254
19:26:57 | INFO: Primitives created: 1
19:26:57 | INFO: Extracting primitive: Torus.003
19:26:57 | INFO: Primitives created: 1
19:26:57 | INFO: Extracting primitive: Cone.255
19:26:57 | INFO: Primitives created: 1
19:26:57 | INFO: Extracting primitive: Cone.256
19:26:57 | INFO: Primitives created: 1
19:26:57 | INFO: Extracting primitive: Cone.257
19:26:57 | INFO: Primitives created: 1
19:26:57 | INFO: Extracting primitive: Cone.258
19:26:57 | INFO: Primitives created: 1
19:26:57 | INFO: Extracting primitive: Cone.259
19:26:57 | INFO: Primitives created: 1
19:26:57 | INFO: Extracting primitive: Cone.260
19:26:57 | INFO: Primitives created: 1
19:26:57 | INFO: Extracting primitive: Cone.261
19:26:57 | INFO: Primitives created: 1
19:26:57 | INFO: Extracting primitive: Cone.262
19:26:57 | INFO: Primitives created: 1
19:26:57 | INFO: Extracting primitive: Cone.263
19:26:57 | INFO: Primitives created: 1
19:26:57 | INFO: Extracting primitive: Cone.264
19:26:57 | INFO: Primitives created: 1
19:26:57 | INFO: Extracting primitive: Cone.265
19:26:57 | INFO: Primitives created: 1
19:26:57 | INFO: Extracting primitive: Cone.266
19:26:57 | INFO: Primitives created: 1
19:26:57 | INFO: Extracting primitive: Cube.253
19:26:57 | INFO: Primitives created: 1
19:26:57 | INFO: Extracting primitive: Cube.254
19:26:57 | INFO: Primitives created: 1
19:26:57 | INFO: Extracting primitive: Cube.255
19:26:57 | INFO: Primitives created: 1
19:26:57 | INFO: Extracting primitive: Cube.256
19:26:57 | INFO: Primitives created: 1
19:26:57 | INFO: Extracting primitive: Cube.257
19:26:57 | INFO: Primitives created: 1
19:26:57 | INFO: Extracting primitive: Cube.258
19:26:57 | INFO: Primitives created: 1
19:26:57 | INFO: Extracting primitive: Bookcase trailing plant leaf
19:26:57 | INFO: Primitives created: 1
19:26:57 | INFO: Extracting primitive: Bookcase trailing plant leaf midrib
19:26:57 | INFO: Primitives created: 1
19:26:57 | INFO: Extracting primitive: Bookcase trailing plant leaf midrib.001
19:26:57 | INFO: Primitives created: 1
19:26:57 | INFO: Extracting primitive: Bookcase trailing plant leaf midrib.002
19:26:57 | INFO: Primitives created: 1
19:26:57 | INFO: Extracting primitive: Bookcase trailing plant leaf midrib.003
19:26:57 | INFO: Primitives created: 1
19:26:57 | INFO: Extracting primitive: Bookcase trailing plant leaf midrib.004
19:26:57 | INFO: Primitives created: 1
19:26:57 | INFO: Extracting primitive: Bookcase trailing plant leaf midrib.005
19:26:57 | INFO: Primitives created: 1
19:26:57 | INFO: Extracting primitive: Bookcase trailing plant leaf midrib.006
19:26:57 | INFO: Primitives created: 1
19:26:57 | INFO: Extracting primitive: Bookcase trailing plant leaf midrib.007
19:26:57 | INFO: Primitives created: 1
19:26:57 | INFO: Extracting primitive: Bookcase trailing plant leaf midrib.008
19:26:57 | INFO: Primitives created: 1
19:26:57 | INFO: Extracting primitive: Bookcase trailing plant leaf midrib.009
19:26:57 | INFO: Primitives created: 1
19:26:57 | INFO: Extracting primitive: Bookcase trailing plant leaf midrib.010
19:26:57 | INFO: Primitives created: 1
19:26:57 | INFO: Extracting primitive: Bookcase trailing plant leaf.001
19:26:57 | INFO: Primitives created: 1
19:26:57 | INFO: Extracting primitive: Bookcase trailing plant leaf.002
19:26:57 | INFO: Primitives created: 1
19:26:57 | INFO: Extracting primitive: Bookcase trailing plant leaf.003
19:26:57 | INFO: Primitives created: 1
19:26:57 | INFO: Extracting primitive: Bookcase trailing plant leaf.004
19:26:57 | INFO: Primitives created: 1
19:26:57 | INFO: Extracting primitive: Bookcase trailing plant leaf.005
19:26:57 | INFO: Primitives created: 1
19:26:57 | INFO: Extracting primitive: Bookcase trailing plant leaf.006
19:26:57 | INFO: Primitives created: 1
19:26:57 | INFO: Extracting primitive: Bookcase trailing plant leaf.007
19:26:57 | INFO: Primitives created: 1
19:26:57 | INFO: Extracting primitive: Bookcase trailing plant leaf.008
19:26:57 | INFO: Primitives created: 1
19:26:57 | INFO: Extracting primitive: Bookcase trailing plant leaf.009
19:26:57 | INFO: Primitives created: 1
19:26:57 | INFO: Extracting primitive: Bookcase trailing plant leaf.010
19:26:57 | INFO: Primitives created: 1
19:26:57 | INFO: Extracting primitive: Cone.267
19:26:57 | INFO: Primitives created: 1
19:26:57 | INFO: Extracting primitive: Torus.004
19:26:57 | INFO: Primitives created: 1
19:26:57 | INFO: Extracting primitive: Cone.268
19:26:57 | INFO: Primitives created: 1
19:26:57 | INFO: Extracting primitive: Cone.269
19:26:57 | INFO: Primitives created: 1
19:26:57 | INFO: Extracting primitive: Cone.270
19:26:57 | INFO: Primitives created: 1
19:26:57 | INFO: Extracting primitive: Cone.271
19:26:57 | INFO: Primitives created: 1
19:26:57 | INFO: Extracting primitive: Cone.272
19:26:57 | INFO: Primitives created: 1
19:26:57 | INFO: Extracting primitive: Cone.273
19:26:57 | INFO: Primitives created: 1
19:26:57 | INFO: Extracting primitive: Cone.274
19:26:57 | INFO: Primitives created: 1
19:26:57 | INFO: Extracting primitive: Cone.275
19:26:57 | INFO: Primitives created: 1
19:26:57 | INFO: Extracting primitive: Cone.276
19:26:57 | INFO: Primitives created: 1
19:26:57 | INFO: Extracting primitive: Cone.277
19:26:57 | INFO: Primitives created: 1
19:26:57 | INFO: Extracting primitive: Cone.278
19:26:57 | INFO: Primitives created: 1
19:26:57 | INFO: Extracting primitive: Cone.279
19:26:57 | INFO: Primitives created: 1
19:26:57 | INFO: Extracting primitive: Cube.250
19:26:57 | INFO: Primitives created: 1
19:26:57 | INFO: Extracting primitive: Cube.251
19:26:57 | INFO: Primitives created: 1
19:26:57 | INFO: Extracting primitive: Bookcase vase
19:26:57 | INFO: Primitives created: 1
19:26:57 | INFO: Extracting primitive: Cone.252
19:26:57 | INFO: Primitives created: 1
19:26:57 | INFO: Extracting primitive: Cone.253
19:26:57 | INFO: Primitives created: 1
19:26:57 | INFO: Extracting primitive: Bookcase vase.001
19:26:57 | INFO: Primitives created: 1
19:26:57 | INFO: Extracting primitive: Cone.001
19:26:57 | INFO: Primitives created: 1
19:26:57 | INFO: Extracting primitive: Cone.002
19:26:57 | INFO: Primitives created: 1
19:26:57 | INFO: Extracting primitive: Cube.158
19:26:57 | INFO: Primitives created: 1
19:26:57 | INFO: Extracting primitive: Cube.159
19:26:57 | INFO: Primitives created: 1
19:26:57 | INFO: Extracting primitive: Cone.005
19:26:57 | INFO: Primitives created: 1
19:26:57 | INFO: Extracting primitive: Cone.007
19:26:57 | INFO: Primitives created: 1
19:26:57 | INFO: Extracting primitive: Cone.009
19:26:57 | INFO: Primitives created: 1
19:26:57 | INFO: Extracting primitive: Cone.011
19:26:57 | INFO: Primitives created: 1
19:26:57 | INFO: Extracting primitive: Cone.013
19:26:57 | INFO: Primitives created: 1
19:26:57 | INFO: Extracting primitive: Cone.004
19:26:57 | INFO: Primitives created: 1
19:26:57 | INFO: Extracting primitive: Cone.006
19:26:57 | INFO: Primitives created: 1
19:26:57 | INFO: Extracting primitive: Cone.008
19:26:57 | INFO: Primitives created: 1
19:26:57 | INFO: Extracting primitive: Cone.010
19:26:57 | INFO: Primitives created: 1
19:26:57 | INFO: Extracting primitive: Cone.012
19:26:57 | INFO: Primitives created: 1
19:26:57 | INFO: Extracting primitive: Cone.003
19:26:57 | INFO: Primitives created: 1
19:26:57 | INFO: Extracting primitive: Cone.322
19:26:57 | INFO: Primitives created: 1
19:26:57 | INFO: Extracting primitive: Coffee table plant leaf
19:26:57 | INFO: Primitives created: 1
19:26:57 | INFO: Extracting primitive: Coffee table plant leaf midrib
19:26:57 | INFO: Primitives created: 1
19:26:57 | INFO: Extracting primitive: Coffee table plant leaf midrib.001
19:26:57 | INFO: Primitives created: 1
19:26:57 | INFO: Extracting primitive: Coffee table plant leaf midrib.002
19:26:57 | INFO: Primitives created: 1
19:26:57 | INFO: Extracting primitive: Coffee table plant leaf midrib.003
19:26:57 | INFO: Primitives created: 1
19:26:57 | INFO: Extracting primitive: Coffee table plant leaf midrib.004
19:26:57 | INFO: Primitives created: 1
19:26:57 | INFO: Extracting primitive: Coffee table plant leaf midrib.005
19:26:57 | INFO: Primitives created: 1
19:26:57 | INFO: Extracting primitive: Coffee table plant leaf midrib.006
19:26:57 | INFO: Primitives created: 1
19:26:57 | INFO: Extracting primitive: Coffee table plant leaf midrib.007
19:26:57 | INFO: Primitives created: 1
19:26:57 | INFO: Extracting primitive: Coffee table plant leaf midrib.008
19:26:57 | INFO: Primitives created: 1
19:26:57 | INFO: Extracting primitive: Coffee table plant leaf midrib.009
19:26:57 | INFO: Primitives created: 1
19:26:57 | INFO: Extracting primitive: Coffee table plant leaf midrib.010
19:26:57 | INFO: Primitives created: 1
19:26:57 | INFO: Extracting primitive: Coffee table plant leaf.001
19:26:57 | INFO: Primitives created: 1
19:26:57 | INFO: Extracting primitive: Coffee table plant leaf.002
19:26:57 | INFO: Primitives created: 1
19:26:57 | INFO: Extracting primitive: Coffee table plant leaf.003
19:26:57 | INFO: Primitives created: 1
19:26:57 | INFO: Extracting primitive: Coffee table plant leaf.004
19:26:57 | INFO: Primitives created: 1
19:26:57 | INFO: Extracting primitive: Coffee table plant leaf.005
19:26:57 | INFO: Primitives created: 1
19:26:57 | INFO: Extracting primitive: Coffee table plant leaf.006
19:26:57 | INFO: Primitives created: 1
19:26:57 | INFO: Extracting primitive: Coffee table plant leaf.007
19:26:57 | INFO: Primitives created: 1
19:26:57 | INFO: Extracting primitive: Coffee table plant leaf.008
19:26:57 | INFO: Primitives created: 1
19:26:57 | INFO: Extracting primitive: Coffee table plant leaf.009
19:26:57 | INFO: Primitives created: 1
19:26:57 | INFO: Extracting primitive: Coffee table plant leaf.010
19:26:57 | INFO: Primitives created: 1
19:26:57 | INFO: Extracting primitive: Cone.326
19:26:57 | INFO: Primitives created: 1
19:26:57 | INFO: Extracting primitive: Torus.028
19:26:57 | INFO: Primitives created: 1
19:26:57 | INFO: Extracting primitive: Cone.327
19:26:57 | INFO: Primitives created: 1
19:26:57 | INFO: Extracting primitive: Cone.328
19:26:57 | INFO: Primitives created: 1
19:26:57 | INFO: Extracting primitive: Cone.329
19:26:57 | INFO: Primitives created: 1
19:26:57 | INFO: Extracting primitive: Cone.330
19:26:57 | INFO: Primitives created: 1
19:26:57 | INFO: Extracting primitive: Cone.331
19:26:57 | INFO: Primitives created: 1
19:26:57 | INFO: Extracting primitive: Cone.332
19:26:57 | INFO: Primitives created: 1
19:26:57 | INFO: Extracting primitive: Cone.333
19:26:57 | INFO: Primitives created: 1
19:26:57 | INFO: Extracting primitive: Cone.334
19:26:57 | INFO: Primitives created: 1
19:26:57 | INFO: Extracting primitive: Cone.335
19:26:57 | INFO: Primitives created: 1
19:26:57 | INFO: Extracting primitive: Cone.336
19:26:57 | INFO: Primitives created: 1
19:26:57 | INFO: Extracting primitive: Cone.337
19:26:57 | INFO: Primitives created: 1
19:26:57 | INFO: Extracting primitive: Cone.338
19:26:57 | INFO: Primitives created: 1
19:26:57 | INFO: Extracting primitive: Continuous brass helix ribbon
19:26:57 | INFO: Primitives created: 1
19:26:57 | INFO: Extracting primitive: Torus.005
19:26:57 | INFO: Primitives created: 1
19:26:57 | INFO: Extracting primitive: Torus.006
19:26:57 | INFO: Primitives created: 1
19:26:57 | INFO: Extracting primitive: Torus.007
19:26:57 | INFO: Primitives created: 1
19:26:57 | INFO: Extracting primitive: Torus.008
19:26:57 | INFO: Primitives created: 1
19:26:57 | INFO: Extracting primitive: Torus.009
19:26:57 | INFO: Primitives created: 1
19:26:57 | INFO: Extracting primitive: Torus.010
19:26:57 | INFO: Primitives created: 1
19:26:57 | INFO: Extracting primitive: Torus.011
19:26:57 | INFO: Primitives created: 1
19:26:57 | INFO: Extracting primitive: Torus.012
19:26:57 | INFO: Primitives created: 1
19:26:57 | INFO: Extracting primitive: Torus.013
19:26:57 | INFO: Primitives created: 1
19:26:57 | INFO: Extracting primitive: Torus.014
19:26:57 | INFO: Primitives created: 1
19:26:57 | INFO: Extracting primitive: Torus.015
19:26:57 | INFO: Primitives created: 1
19:26:57 | INFO: Extracting primitive: Torus.016
19:26:57 | INFO: Primitives created: 1
19:26:57 | INFO: Extracting primitive: Torus.017
19:26:57 | INFO: Primitives created: 1
19:26:57 | INFO: Extracting primitive: Torus.018
19:26:57 | INFO: Primitives created: 1
19:26:57 | INFO: Extracting primitive: Torus.019
19:26:57 | INFO: Primitives created: 1
19:26:57 | INFO: Extracting primitive: Torus.020
19:26:57 | INFO: Primitives created: 1
19:26:57 | INFO: Extracting primitive: Torus.021
19:26:57 | INFO: Primitives created: 1
19:26:57 | INFO: Extracting primitive: Torus.022
19:26:57 | INFO: Primitives created: 1
19:26:57 | INFO: Extracting primitive: Cone.299
19:26:57 | INFO: Primitives created: 1
19:26:57 | INFO: Extracting primitive: Daybed side cushion
19:26:57 | INFO: Primitives created: 1
19:26:57 | INFO: Extracting primitive: Daybed side cushion.001
19:26:57 | INFO: Primitives created: 1
19:26:57 | INFO: Extracting primitive: Daybed side cushion.002
19:26:57 | INFO: Primitives created: 1
19:26:57 | INFO: Extracting primitive: Cube.233
19:26:57 | INFO: Primitives created: 1
19:26:57 | INFO: Extracting primitive: Cube.155
19:26:57 | INFO: Primitives created: 1
19:26:57 | INFO: Extracting primitive: Cube.154
19:26:57 | INFO: Primitives created: 1
19:26:57 | INFO: Extracting primitive: Cone.016
19:26:57 | INFO: Primitives created: 1
19:26:57 | INFO: Extracting primitive: Cone.014
19:26:57 | INFO: Primitives created: 1
19:26:57 | INFO: Extracting primitive: Cone.017
19:26:57 | INFO: Primitives created: 1
19:26:57 | INFO: Extracting primitive: Cone.015
19:26:57 | INFO: Primitives created: 1
19:26:57 | INFO: Extracting primitive: Cube.149
19:26:57 | INFO: Primitives created: 1
19:26:57 | INFO: Extracting primitive: Cube.150
19:26:57 | INFO: Primitives created: 1
19:26:57 | INFO: Extracting primitive: Cube.151
19:26:57 | INFO: Primitives created: 1
19:26:57 | INFO: Extracting primitive: Cube.152
19:26:57 | INFO: Primitives created: 1
19:26:57 | INFO: Extracting primitive: Cube.228
19:26:57 | INFO: Primitives created: 1
19:26:57 | INFO: Extracting primitive: Cone.019
19:26:57 | INFO: Primitives created: 1
19:26:57 | INFO: Extracting primitive: Desk plant leaf
19:26:57 | INFO: Primitives created: 1
19:26:57 | INFO: Extracting primitive: Desk plant leaf midrib
19:26:57 | INFO: Primitives created: 1
19:26:57 | INFO: Extracting primitive: Desk plant leaf midrib.001
19:26:57 | INFO: Primitives created: 1
19:26:57 | INFO: Extracting primitive: Desk plant leaf midrib.002
19:26:57 | INFO: Primitives created: 1
19:26:57 | INFO: Extracting primitive: Desk plant leaf midrib.003
19:26:57 | INFO: Primitives created: 1
19:26:57 | INFO: Extracting primitive: Desk plant leaf midrib.004
19:26:57 | INFO: Primitives created: 1
19:26:57 | INFO: Extracting primitive: Desk plant leaf midrib.005
19:26:57 | INFO: Primitives created: 1
19:26:57 | INFO: Extracting primitive: Desk plant leaf midrib.006
19:26:57 | INFO: Primitives created: 1
19:26:57 | INFO: Extracting primitive: Desk plant leaf midrib.007
19:26:57 | INFO: Primitives created: 1
19:26:57 | INFO: Extracting primitive: Desk plant leaf midrib.008
19:26:57 | INFO: Primitives created: 1
19:26:57 | INFO: Extracting primitive: Desk plant leaf midrib.009
19:26:57 | INFO: Primitives created: 1
19:26:57 | INFO: Extracting primitive: Desk plant leaf midrib.010
19:26:57 | INFO: Primitives created: 1
19:26:57 | INFO: Extracting primitive: Desk plant leaf.001
19:26:57 | INFO: Primitives created: 1
19:26:57 | INFO: Extracting primitive: Desk plant leaf.002
19:26:57 | INFO: Primitives created: 1
19:26:57 | INFO: Extracting primitive: Desk plant leaf.003
19:26:57 | INFO: Primitives created: 1
19:26:57 | INFO: Extracting primitive: Desk plant leaf.004
19:26:57 | INFO: Primitives created: 1
19:26:57 | INFO: Extracting primitive: Desk plant leaf.005
19:26:57 | INFO: Primitives created: 1
19:26:57 | INFO: Extracting primitive: Desk plant leaf.006
19:26:57 | INFO: Primitives created: 1
19:26:57 | INFO: Extracting primitive: Desk plant leaf.007
19:26:57 | INFO: Primitives created: 1
19:26:57 | INFO: Extracting primitive: Desk plant leaf.008
19:26:57 | INFO: Primitives created: 1
19:26:57 | INFO: Extracting primitive: Desk plant leaf.009
19:26:57 | INFO: Primitives created: 1
19:26:57 | INFO: Extracting primitive: Desk plant leaf.010
19:26:57 | INFO: Primitives created: 1
19:26:57 | INFO: Extracting primitive: Cone.212
19:26:57 | INFO: Primitives created: 1
19:26:57 | INFO: Extracting primitive: Torus
19:26:57 | INFO: Primitives created: 1
19:26:57 | INFO: Extracting primitive: Cone.213
19:26:57 | INFO: Primitives created: 1
19:26:57 | INFO: Extracting primitive: Cone.214
19:26:57 | INFO: Primitives created: 1
19:26:57 | INFO: Extracting primitive: Cone.215
19:26:57 | INFO: Primitives created: 1
19:26:57 | INFO: Extracting primitive: Cone.216
19:26:57 | INFO: Primitives created: 1
19:26:57 | INFO: Extracting primitive: Cone.217
19:26:57 | INFO: Primitives created: 1
19:26:57 | INFO: Extracting primitive: Cone.218
19:26:57 | INFO: Primitives created: 1
19:26:57 | INFO: Extracting primitive: Cone.219
19:26:57 | INFO: Primitives created: 1
19:26:57 | INFO: Extracting primitive: Cone.220
19:26:57 | INFO: Primitives created: 1
19:26:57 | INFO: Extracting primitive: Cone.221
19:26:57 | INFO: Primitives created: 1
19:26:57 | INFO: Extracting primitive: Cone.222
19:26:57 | INFO: Primitives created: 1
19:26:57 | INFO: Extracting primitive: Cone.223
19:26:57 | INFO: Primitives created: 1
19:26:57 | INFO: Extracting primitive: Cone.224
19:26:57 | INFO: Primitives created: 1
19:26:57 | INFO: Extracting primitive: Cube.153
19:26:57 | INFO: Primitives created: 1
19:26:57 | INFO: Extracting primitive: Cube.001
19:26:57 | INFO: Primitives created: 1
19:26:57 | INFO: Extracting primitive: Cube.147
19:26:57 | INFO: Primitives created: 1
19:26:57 | INFO: Extracting primitive: Cube.146
19:26:57 | INFO: Primitives created: 1
19:26:57 | INFO: Extracting primitive: Cube.144
19:26:57 | INFO: Primitives created: 1
19:26:57 | INFO: Extracting primitive: Cube.145
19:26:57 | INFO: Primitives created: 1
19:26:57 | INFO: Extracting primitive: Cube.143
19:26:57 | INFO: Primitives created: 1
19:26:57 | INFO: Extracting primitive: Cone
19:26:57 | INFO: Primitives created: 1
19:26:57 | INFO: Extracting primitive: Cone.068
19:26:57 | INFO: Primitives created: 1
19:26:57 | INFO: Extracting primitive: Cone.069
19:26:57 | INFO: Primitives created: 1
19:26:57 | INFO: Extracting primitive: Cone.072
19:26:57 | INFO: Primitives created: 1
19:26:57 | INFO: Extracting primitive: Cone.073
19:26:57 | INFO: Primitives created: 1
19:26:57 | INFO: Extracting primitive: Dream corner plant leaf
19:26:57 | INFO: Primitives created: 1
19:26:57 | INFO: Extracting primitive: Dream corner plant leaf midrib
19:26:57 | INFO: Primitives created: 1
19:26:57 | INFO: Extracting primitive: Dream corner plant leaf midrib.001
19:26:57 | INFO: Primitives created: 1
19:26:57 | INFO: Extracting primitive: Dream corner plant leaf midrib.002
19:26:57 | INFO: Primitives created: 1
19:26:57 | INFO: Extracting primitive: Dream corner plant leaf midrib.003
19:26:57 | INFO: Primitives created: 1
19:26:57 | INFO: Extracting primitive: Dream corner plant leaf midrib.004
19:26:57 | INFO: Primitives created: 1
19:26:57 | INFO: Extracting primitive: Dream corner plant leaf midrib.005
19:26:57 | INFO: Primitives created: 1
19:26:57 | INFO: Extracting primitive: Dream corner plant leaf midrib.006
19:26:57 | INFO: Primitives created: 1
19:26:57 | INFO: Extracting primitive: Dream corner plant leaf midrib.007
19:26:57 | INFO: Primitives created: 1
19:26:57 | INFO: Extracting primitive: Dream corner plant leaf midrib.008
19:26:57 | INFO: Primitives created: 1
19:26:57 | INFO: Extracting primitive: Dream corner plant leaf midrib.009
19:26:57 | INFO: Primitives created: 1
19:26:57 | INFO: Extracting primitive: Dream corner plant leaf midrib.010
19:26:57 | INFO: Primitives created: 1
19:26:57 | INFO: Extracting primitive: Dream corner plant leaf midrib.011
19:26:57 | INFO: Primitives created: 1
19:26:57 | INFO: Extracting primitive: Dream corner plant leaf midrib.012
19:26:57 | INFO: Primitives created: 1
19:26:57 | INFO: Extracting primitive: Dream corner plant leaf midrib.013
19:26:57 | INFO: Primitives created: 1
19:26:57 | INFO: Extracting primitive: Dream corner plant leaf midrib.014
19:26:57 | INFO: Primitives created: 1
19:26:57 | INFO: Extracting primitive: Dream corner plant leaf.001
19:26:57 | INFO: Primitives created: 1
19:26:57 | INFO: Extracting primitive: Dream corner plant leaf.002
19:26:57 | INFO: Primitives created: 1
19:26:57 | INFO: Extracting primitive: Dream corner plant leaf.003
19:26:57 | INFO: Primitives created: 1
19:26:57 | INFO: Extracting primitive: Dream corner plant leaf.004
19:26:57 | INFO: Primitives created: 1
19:26:57 | INFO: Extracting primitive: Dream corner plant leaf.005
19:26:57 | INFO: Primitives created: 1
19:26:57 | INFO: Extracting primitive: Dream corner plant leaf.006
19:26:57 | INFO: Primitives created: 1
19:26:57 | INFO: Extracting primitive: Dream corner plant leaf.007
19:26:57 | INFO: Primitives created: 1
19:26:57 | INFO: Extracting primitive: Dream corner plant leaf.008
19:26:57 | INFO: Primitives created: 1
19:26:57 | INFO: Extracting primitive: Dream corner plant leaf.009
19:26:57 | INFO: Primitives created: 1
19:26:57 | INFO: Extracting primitive: Dream corner plant leaf.010
19:26:57 | INFO: Primitives created: 1
19:26:57 | INFO: Extracting primitive: Dream corner plant leaf.011
19:26:57 | INFO: Primitives created: 1
19:26:57 | INFO: Extracting primitive: Dream corner plant leaf.012
19:26:57 | INFO: Primitives created: 1
19:26:57 | INFO: Extracting primitive: Dream corner plant leaf.013
19:26:57 | INFO: Primitives created: 1
19:26:57 | INFO: Extracting primitive: Dream corner plant leaf.014
19:26:57 | INFO: Primitives created: 1
19:26:57 | INFO: Extracting primitive: Cone.349
19:26:57 | INFO: Primitives created: 1
19:26:57 | INFO: Extracting primitive: Torus.029
19:26:57 | INFO: Primitives created: 1
19:26:57 | INFO: Extracting primitive: Cone.350
19:26:57 | INFO: Primitives created: 1
19:26:57 | INFO: Extracting primitive: Cone.351
19:26:57 | INFO: Primitives created: 1
19:26:57 | INFO: Extracting primitive: Cone.352
19:26:57 | INFO: Primitives created: 1
19:26:57 | INFO: Extracting primitive: Cone.353
19:26:57 | INFO: Primitives created: 1
19:26:57 | INFO: Extracting primitive: Cone.354
19:26:57 | INFO: Primitives created: 1
19:26:57 | INFO: Extracting primitive: Cone.355
19:26:57 | INFO: Primitives created: 1
19:26:57 | INFO: Extracting primitive: Cone.356
19:26:57 | INFO: Primitives created: 1
19:26:57 | INFO: Extracting primitive: Cone.357
19:26:57 | INFO: Primitives created: 1
19:26:57 | INFO: Extracting primitive: Cone.358
19:26:57 | INFO: Primitives created: 1
19:26:57 | INFO: Extracting primitive: Cone.359
19:26:57 | INFO: Primitives created: 1
19:26:57 | INFO: Extracting primitive: Cone.360
19:26:57 | INFO: Primitives created: 1
19:26:57 | INFO: Extracting primitive: Cone.361
19:26:57 | INFO: Primitives created: 1
19:26:57 | INFO: Extracting primitive: Cone.362
19:26:57 | INFO: Primitives created: 1
19:26:57 | INFO: Extracting primitive: Cone.363
19:26:57 | INFO: Primitives created: 1
19:26:57 | INFO: Extracting primitive: Cone.364
19:26:57 | INFO: Primitives created: 1
19:26:57 | INFO: Extracting primitive: Cone.365
19:26:57 | INFO: Primitives created: 1
19:26:57 | INFO: Extracting primitive: Cube.156
19:26:57 | INFO: Primitives created: 1
19:26:57 | INFO: Extracting primitive: Cube.157
19:26:57 | INFO: Primitives created: 1
19:26:57 | INFO: Extracting primitive: Cube.002
19:26:57 | INFO: Primitives created: 1
19:26:57 | INFO: Extracting primitive: Cube.003
19:26:57 | INFO: Primitives created: 1
19:26:57 | INFO: Extracting primitive: Cube.004
19:26:57 | INFO: Primitives created: 1
19:26:57 | INFO: Extracting primitive: Cube.005
19:26:57 | INFO: Primitives created: 1
19:26:57 | INFO: Extracting primitive: Cube.006
19:26:57 | INFO: Primitives created: 1
19:26:57 | INFO: Extracting primitive: Cube.007
19:26:57 | INFO: Primitives created: 1
19:26:57 | INFO: Extracting primitive: Cube.008
19:26:57 | INFO: Primitives created: 1
19:26:57 | INFO: Extracting primitive: Cube.009
19:26:57 | INFO: Primitives created: 1
19:26:57 | INFO: Extracting primitive: Cube.010
19:26:57 | INFO: Primitives created: 1
19:26:57 | INFO: Extracting primitive: Cube.011
19:26:57 | INFO: Primitives created: 1
19:26:57 | INFO: Extracting primitive: Cube.012
19:26:57 | INFO: Primitives created: 1
19:26:57 | INFO: Extracting primitive: Cube.013
19:26:57 | INFO: Primitives created: 1
19:26:57 | INFO: Extracting primitive: Cube.014
19:26:57 | INFO: Primitives created: 1
19:26:57 | INFO: Extracting primitive: Cube.015
19:26:57 | INFO: Primitives created: 1
19:26:57 | INFO: Extracting primitive: Cube.016
19:26:57 | INFO: Primitives created: 1
19:26:57 | INFO: Extracting primitive: Cube.017
19:26:57 | INFO: Primitives created: 1
19:26:57 | INFO: Extracting primitive: Cube.018
19:26:57 | INFO: Primitives created: 1
19:26:57 | INFO: Extracting primitive: Cube.019
19:26:57 | INFO: Primitives created: 1
19:26:57 | INFO: Extracting primitive: Cube.020
19:26:57 | INFO: Primitives created: 1
19:26:57 | INFO: Extracting primitive: Cube.021
19:26:57 | INFO: Primitives created: 1
19:26:57 | INFO: Extracting primitive: Cube.022
19:26:57 | INFO: Primitives created: 1
19:26:57 | INFO: Extracting primitive: Cube.023
19:26:57 | INFO: Primitives created: 1
19:26:57 | INFO: Extracting primitive: Cube.024
19:26:57 | INFO: Primitives created: 1
19:26:57 | INFO: Extracting primitive: Cube.025
19:26:57 | INFO: Primitives created: 1
19:26:57 | INFO: Extracting primitive: Cube.026
19:26:57 | INFO: Primitives created: 1
19:26:57 | INFO: Extracting primitive: Cube.027
19:26:57 | INFO: Primitives created: 1
19:26:57 | INFO: Extracting primitive: Cube.028
19:26:57 | INFO: Primitives created: 1
19:26:57 | INFO: Extracting primitive: Cube.029
19:26:57 | INFO: Primitives created: 1
19:26:57 | INFO: Extracting primitive: Cube.030
19:26:57 | INFO: Primitives created: 1
19:26:57 | INFO: Extracting primitive: Cube.031
19:26:57 | INFO: Primitives created: 1
19:26:57 | INFO: Extracting primitive: Cube.032
19:26:57 | INFO: Primitives created: 1
19:26:57 | INFO: Extracting primitive: Cube.033
19:26:57 | INFO: Primitives created: 1
19:26:57 | INFO: Extracting primitive: Cube.034
19:26:57 | INFO: Primitives created: 1
19:26:57 | INFO: Extracting primitive: Cube.035
19:26:57 | INFO: Primitives created: 1
19:26:57 | INFO: Extracting primitive: Cube.036
19:26:57 | INFO: Primitives created: 1
19:26:57 | INFO: Extracting primitive: Cube.037
19:26:57 | INFO: Primitives created: 1
19:26:57 | INFO: Extracting primitive: Cube.038
19:26:57 | INFO: Primitives created: 1
19:26:57 | INFO: Extracting primitive: Cube.039
19:26:57 | INFO: Primitives created: 1
19:26:57 | INFO: Extracting primitive: Cube.040
19:26:57 | INFO: Primitives created: 1
19:26:57 | INFO: Extracting primitive: Cube.041
19:26:57 | INFO: Primitives created: 1
19:26:57 | INFO: Extracting primitive: Cube.042
19:26:57 | INFO: Primitives created: 1
19:26:57 | INFO: Extracting primitive: Cube.043
19:26:57 | INFO: Primitives created: 1
19:26:57 | INFO: Extracting primitive: Cube.044
19:26:57 | INFO: Primitives created: 1
19:26:57 | INFO: Extracting primitive: Cube.045
19:26:57 | INFO: Primitives created: 1
19:26:57 | INFO: Extracting primitive: Cube.046
19:26:57 | INFO: Primitives created: 1
19:26:57 | INFO: Extracting primitive: Cube.047
19:26:57 | INFO: Primitives created: 1
19:26:57 | INFO: Extracting primitive: Cube.048
19:26:57 | INFO: Primitives created: 1
19:26:57 | INFO: Extracting primitive: Cube.049
19:26:57 | INFO: Primitives created: 1
19:26:57 | INFO: Extracting primitive: Cube.050
19:26:57 | INFO: Primitives created: 1
19:26:57 | INFO: Extracting primitive: Cube.051
19:26:57 | INFO: Primitives created: 1
19:26:57 | INFO: Extracting primitive: Cube.052
19:26:57 | INFO: Primitives created: 1
19:26:57 | INFO: Extracting primitive: Cube.053
19:26:57 | INFO: Primitives created: 1
19:26:57 | INFO: Extracting primitive: Cube.054
19:26:57 | INFO: Primitives created: 1
19:26:57 | INFO: Extracting primitive: Cube.055
19:26:57 | INFO: Primitives created: 1
19:26:57 | INFO: Extracting primitive: Cube.056
19:26:57 | INFO: Primitives created: 1
19:26:57 | INFO: Extracting primitive: Cube.057
19:26:57 | INFO: Primitives created: 1
19:26:57 | INFO: Extracting primitive: Cube.058
19:26:57 | INFO: Primitives created: 1
19:26:58 | INFO: Extracting primitive: Cube.059
19:26:58 | INFO: Primitives created: 1
19:26:58 | INFO: Extracting primitive: Cube.060
19:26:58 | INFO: Primitives created: 1
19:26:58 | INFO: Extracting primitive: Cube.061
19:26:58 | INFO: Primitives created: 1
19:26:58 | INFO: Extracting primitive: Cube.062
19:26:58 | INFO: Primitives created: 1
19:26:58 | INFO: Extracting primitive: Cube.063
19:26:58 | INFO: Primitives created: 1
19:26:58 | INFO: Extracting primitive: Cube.064
19:26:58 | INFO: Primitives created: 1
19:26:58 | INFO: Extracting primitive: Cube.065
19:26:58 | INFO: Primitives created: 1
19:26:58 | INFO: Extracting primitive: Cube.066
19:26:58 | INFO: Primitives created: 1
19:26:58 | INFO: Extracting primitive: Cube.067
19:26:58 | INFO: Primitives created: 1
19:26:58 | INFO: Extracting primitive: Cube.068
19:26:58 | INFO: Primitives created: 1
19:26:58 | INFO: Extracting primitive: Cube.069
19:26:58 | INFO: Primitives created: 1
19:26:58 | INFO: Extracting primitive: Cube.070
19:26:58 | INFO: Primitives created: 1
19:26:58 | INFO: Extracting primitive: Cube.071
19:26:58 | INFO: Primitives created: 1
19:26:58 | INFO: Extracting primitive: Cube.072
19:26:58 | INFO: Primitives created: 1
19:26:58 | INFO: Extracting primitive: Cube.073
19:26:58 | INFO: Primitives created: 1
19:26:58 | INFO: Extracting primitive: Cube.074
19:26:58 | INFO: Primitives created: 1
19:26:58 | INFO: Extracting primitive: Cube.075
19:26:58 | INFO: Primitives created: 1
19:26:58 | INFO: Extracting primitive: Cube.076
19:26:58 | INFO: Primitives created: 1
19:26:58 | INFO: Extracting primitive: Cube.077
19:26:58 | INFO: Primitives created: 1
19:26:58 | INFO: Extracting primitive: Cube.078
19:26:58 | INFO: Primitives created: 1
19:26:58 | INFO: Extracting primitive: Cube.079
19:26:58 | INFO: Primitives created: 1
19:26:58 | INFO: Extracting primitive: Cube.080
19:26:58 | INFO: Primitives created: 1
19:26:58 | INFO: Extracting primitive: Cube.081
19:26:58 | INFO: Primitives created: 1
19:26:58 | INFO: Extracting primitive: Cube.082
19:26:58 | INFO: Primitives created: 1
19:26:58 | INFO: Extracting primitive: Cube.083
19:26:58 | INFO: Primitives created: 1
19:26:58 | INFO: Extracting primitive: Cube.084
19:26:58 | INFO: Primitives created: 1
19:26:58 | INFO: Extracting primitive: Cube.085
19:26:58 | INFO: Primitives created: 1
19:26:58 | INFO: Extracting primitive: Cube.086
19:26:58 | INFO: Primitives created: 1
19:26:58 | INFO: Extracting primitive: Cube.087
19:26:58 | INFO: Primitives created: 1
19:26:58 | INFO: Extracting primitive: Cube.088
19:26:58 | INFO: Primitives created: 1
19:26:58 | INFO: Extracting primitive: Cube.089
19:26:58 | INFO: Primitives created: 1
19:26:58 | INFO: Extracting primitive: Cube.090
19:26:58 | INFO: Primitives created: 1
19:26:58 | INFO: Extracting primitive: Cube.091
19:26:58 | INFO: Primitives created: 1
19:26:58 | INFO: Extracting primitive: Cube.092
19:26:58 | INFO: Primitives created: 1
19:26:58 | INFO: Extracting primitive: Cube.093
19:26:58 | INFO: Primitives created: 1
19:26:58 | INFO: Extracting primitive: Cube.094
19:26:58 | INFO: Primitives created: 1
19:26:58 | INFO: Extracting primitive: Cube.095
19:26:58 | INFO: Primitives created: 1
19:26:58 | INFO: Extracting primitive: Cube.096
19:26:58 | INFO: Primitives created: 1
19:26:58 | INFO: Extracting primitive: Cube.097
19:26:58 | INFO: Primitives created: 1
19:26:58 | INFO: Extracting primitive: Cube.098
19:26:58 | INFO: Primitives created: 1
19:26:58 | INFO: Extracting primitive: Cube.099
19:26:58 | INFO: Primitives created: 1
19:26:58 | INFO: Extracting primitive: Cube.100
19:26:58 | INFO: Primitives created: 1
19:26:58 | INFO: Extracting primitive: Cube.101
19:26:58 | INFO: Primitives created: 1
19:26:58 | INFO: Extracting primitive: Cube.102
19:26:58 | INFO: Primitives created: 1
19:26:58 | INFO: Extracting primitive: Cube.103
19:26:58 | INFO: Primitives created: 1
19:26:58 | INFO: Extracting primitive: Cube.104
19:26:58 | INFO: Primitives created: 1
19:26:58 | INFO: Extracting primitive: Cube.105
19:26:58 | INFO: Primitives created: 1
19:26:58 | INFO: Extracting primitive: Cube.106
19:26:58 | INFO: Primitives created: 1
19:26:58 | INFO: Extracting primitive: Cube.107
19:26:58 | INFO: Primitives created: 1
19:26:58 | INFO: Extracting primitive: Cube.108
19:26:58 | INFO: Primitives created: 1
19:26:58 | INFO: Extracting primitive: Cube.109
19:26:58 | INFO: Primitives created: 1
19:26:58 | INFO: Extracting primitive: Cube.110
19:26:58 | INFO: Primitives created: 1
19:26:58 | INFO: Extracting primitive: Cube.111
19:26:58 | INFO: Primitives created: 1
19:26:58 | INFO: Extracting primitive: Cube.112
19:26:58 | INFO: Primitives created: 1
19:26:58 | INFO: Extracting primitive: Cube.113
19:26:58 | INFO: Primitives created: 1
19:26:58 | INFO: Extracting primitive: Cube.114
19:26:58 | INFO: Primitives created: 1
19:26:58 | INFO: Extracting primitive: Cube.115
19:26:58 | INFO: Primitives created: 1
19:26:58 | INFO: Extracting primitive: Cube.116
19:26:58 | INFO: Primitives created: 1
19:26:58 | INFO: Extracting primitive: Cube.117
19:26:58 | INFO: Primitives created: 1
19:26:58 | INFO: Extracting primitive: Cube.118
19:26:58 | INFO: Primitives created: 1
19:26:58 | INFO: Extracting primitive: Cube.119
19:26:58 | INFO: Primitives created: 1
19:26:58 | INFO: Extracting primitive: Cube.120
19:26:58 | INFO: Primitives created: 1
19:26:58 | INFO: Extracting primitive: Cube.121
19:26:58 | INFO: Primitives created: 1
19:26:58 | INFO: Extracting primitive: Cube.122
19:26:58 | INFO: Primitives created: 1
19:26:58 | INFO: Extracting primitive: Cube.123
19:26:58 | INFO: Primitives created: 1
19:26:58 | INFO: Extracting primitive: Cube.124
19:26:58 | INFO: Primitives created: 1
19:26:58 | INFO: Extracting primitive: Cube.125
19:26:58 | INFO: Primitives created: 1
19:26:58 | INFO: Extracting primitive: Cube.126
19:26:58 | INFO: Primitives created: 1
19:26:58 | INFO: Extracting primitive: Cone.345
19:26:58 | INFO: Primitives created: 1
19:26:58 | INFO: Extracting primitive: Cone.346
19:26:58 | INFO: Primitives created: 1
19:26:58 | INFO: Extracting primitive: Cone.344
19:26:58 | INFO: Primitives created: 1
19:26:58 | INFO: Extracting primitive: Cone.343
19:26:58 | INFO: Primitives created: 1
19:26:58 | INFO: Extracting primitive: Floor plant at door leaf
19:26:58 | INFO: Primitives created: 1
19:26:58 | INFO: Extracting primitive: Floor plant at door leaf midrib
19:26:58 | INFO: Primitives created: 1
19:26:58 | INFO: Extracting primitive: Floor plant at door leaf midrib.001
19:26:58 | INFO: Primitives created: 1
19:26:58 | INFO: Extracting primitive: Floor plant at door leaf midrib.002
19:26:58 | INFO: Primitives created: 1
19:26:58 | INFO: Extracting primitive: Floor plant at door leaf midrib.003
19:26:58 | INFO: Primitives created: 1
19:26:58 | INFO: Extracting primitive: Floor plant at door leaf midrib.004
19:26:58 | INFO: Primitives created: 1
19:26:58 | INFO: Extracting primitive: Floor plant at door leaf midrib.005
19:26:58 | INFO: Primitives created: 1
19:26:58 | INFO: Extracting primitive: Floor plant at door leaf midrib.006
19:26:58 | INFO: Primitives created: 1
19:26:58 | INFO: Extracting primitive: Floor plant at door leaf midrib.007
19:26:58 | INFO: Primitives created: 1
19:26:58 | INFO: Extracting primitive: Floor plant at door leaf midrib.008
19:26:58 | INFO: Primitives created: 1
19:26:58 | INFO: Extracting primitive: Floor plant at door leaf midrib.009
19:26:58 | INFO: Primitives created: 1
19:26:58 | INFO: Extracting primitive: Floor plant at door leaf midrib.010
19:26:58 | INFO: Primitives created: 1
19:26:58 | INFO: Extracting primitive: Floor plant at door leaf midrib.011
19:26:58 | INFO: Primitives created: 1
19:26:58 | INFO: Extracting primitive: Floor plant at door leaf midrib.012
19:26:58 | INFO: Primitives created: 1
19:26:58 | INFO: Extracting primitive: Floor plant at door leaf midrib.013
19:26:58 | INFO: Primitives created: 1
19:26:58 | INFO: Extracting primitive: Floor plant at door leaf midrib.014
19:26:58 | INFO: Primitives created: 1
19:26:58 | INFO: Extracting primitive: Floor plant at door leaf.001
19:26:58 | INFO: Primitives created: 1
19:26:58 | INFO: Extracting primitive: Floor plant at door leaf.002
19:26:58 | INFO: Primitives created: 1
19:26:58 | INFO: Extracting primitive: Floor plant at door leaf.003
19:26:58 | INFO: Primitives created: 1
19:26:58 | INFO: Extracting primitive: Floor plant at door leaf.004
19:26:58 | INFO: Primitives created: 1
19:26:58 | INFO: Extracting primitive: Floor plant at door leaf.005
19:26:58 | INFO: Primitives created: 1
19:26:58 | INFO: Extracting primitive: Floor plant at door leaf.006
19:26:58 | INFO: Primitives created: 1
19:26:58 | INFO: Extracting primitive: Floor plant at door leaf.007
19:26:58 | INFO: Primitives created: 1
19:26:58 | INFO: Extracting primitive: Floor plant at door leaf.008
19:26:58 | INFO: Primitives created: 1
19:26:58 | INFO: Extracting primitive: Floor plant at door leaf.009
19:26:58 | INFO: Primitives created: 1
19:26:58 | INFO: Extracting primitive: Floor plant at door leaf.010
19:26:58 | INFO: Primitives created: 1
19:26:58 | INFO: Extracting primitive: Floor plant at door leaf.011
19:26:58 | INFO: Primitives created: 1
19:26:58 | INFO: Extracting primitive: Floor plant at door leaf.012
19:26:58 | INFO: Primitives created: 1
19:26:58 | INFO: Extracting primitive: Floor plant at door leaf.013
19:26:58 | INFO: Primitives created: 1
19:26:58 | INFO: Extracting primitive: Floor plant at door leaf.014
19:26:58 | INFO: Primitives created: 1
19:26:58 | INFO: Extracting primitive: Cone.300
19:26:58 | INFO: Primitives created: 1
19:26:58 | INFO: Extracting primitive: Torus.023
19:26:58 | INFO: Primitives created: 1
19:26:58 | INFO: Extracting primitive: Cone.301
19:26:58 | INFO: Primitives created: 1
19:26:58 | INFO: Extracting primitive: Cone.302
19:26:58 | INFO: Primitives created: 1
19:26:58 | INFO: Extracting primitive: Cone.303
19:26:58 | INFO: Primitives created: 1
19:26:58 | INFO: Extracting primitive: Cone.304
19:26:58 | INFO: Primitives created: 1
19:26:58 | INFO: Extracting primitive: Cone.305
19:26:58 | INFO: Primitives created: 1
19:26:58 | INFO: Extracting primitive: Cone.306
19:26:58 | INFO: Primitives created: 1
19:26:58 | INFO: Extracting primitive: Cone.307
19:26:58 | INFO: Primitives created: 1
19:26:58 | INFO: Extracting primitive: Cone.308
19:26:58 | INFO: Primitives created: 1
19:26:58 | INFO: Extracting primitive: Cone.309
19:26:58 | INFO: Primitives created: 1
19:26:58 | INFO: Extracting primitive: Cone.310
19:26:58 | INFO: Primitives created: 1
19:26:58 | INFO: Extracting primitive: Cone.311
19:26:58 | INFO: Primitives created: 1
19:26:58 | INFO: Extracting primitive: Cone.312
19:26:58 | INFO: Primitives created: 1
19:26:58 | INFO: Extracting primitive: Cone.313
19:26:58 | INFO: Primitives created: 1
19:26:58 | INFO: Extracting primitive: Cone.314
19:26:58 | INFO: Primitives created: 1
19:26:58 | INFO: Extracting primitive: Cone.315
19:26:58 | INFO: Primitives created: 1
19:26:58 | INFO: Extracting primitive: Cone.316
19:26:58 | INFO: Primitives created: 1
19:26:58 | INFO: Extracting primitive: Fluted upholstered ottoman
19:26:58 | INFO: Primitives created: 1
19:26:58 | INFO: Extracting primitive: Cube.361
19:26:58 | INFO: Primitives created: 1
19:26:58 | INFO: Extracting primitive: Cube.363
19:26:58 | INFO: Primitives created: 1
19:26:58 | INFO: Extracting primitive: Cube.365
19:26:58 | INFO: Primitives created: 1
19:26:58 | INFO: Extracting primitive: Cube.367
19:26:58 | INFO: Primitives created: 1
19:26:58 | INFO: Extracting primitive: Cube.360
19:26:58 | INFO: Primitives created: 1
19:26:58 | INFO: Extracting primitive: Cube.362
19:26:58 | INFO: Primitives created: 1
19:26:58 | INFO: Extracting primitive: Cube.364
19:26:58 | INFO: Primitives created: 1
19:26:58 | INFO: Extracting primitive: Cube.366
19:26:58 | INFO: Primitives created: 1
19:26:58 | INFO: Extracting primitive: Cone.323
19:26:58 | INFO: Primitives created: 1
19:26:58 | INFO: Extracting primitive: Cone.324
19:26:58 | INFO: Primitives created: 1
19:26:58 | INFO: Extracting primitive: Cone.325
19:26:58 | INFO: Primitives created: 1
19:26:58 | INFO: Extracting primitive: Torus.025
19:26:58 | INFO: Primitives created: 1
19:26:58 | INFO: Extracting primitive: Torus.026
19:26:58 | INFO: Primitives created: 1
19:26:58 | INFO: Extracting primitive: Torus.027
19:26:58 | INFO: Primitives created: 1
19:26:58 | INFO: Extracting primitive: Torus.024
19:26:58 | INFO: Primitives created: 1
19:26:58 | INFO: Extracting primitive: Cone.317
19:26:58 | INFO: Primitives created: 1
19:26:58 | INFO: Extracting primitive: Cube.179
19:26:58 | INFO: Primitives created: 1
19:26:58 | INFO: Extracting primitive: Cube.180
19:26:58 | INFO: Primitives created: 1
19:26:58 | INFO: Extracting primitive: Cube.181
19:26:58 | INFO: Primitives created: 1
19:26:58 | INFO: Extracting primitive: Cube.182
19:26:58 | INFO: Primitives created: 1
19:26:58 | INFO: Extracting primitive: Cube.183
19:26:58 | INFO: Primitives created: 1
19:26:58 | INFO: Extracting primitive: Cube.184
19:26:58 | INFO: Primitives created: 1
19:26:58 | INFO: Extracting primitive: Cube.185
19:26:58 | INFO: Primitives created: 1
19:26:58 | INFO: Extracting primitive: Cube.186
19:26:58 | INFO: Primitives created: 1
19:26:58 | INFO: Extracting primitive: Cube.187
19:26:58 | INFO: Primitives created: 1
19:26:58 | INFO: Extracting primitive: Cube.188
19:26:58 | INFO: Primitives created: 1
19:26:58 | INFO: Extracting primitive: Cube.189
19:26:58 | INFO: Primitives created: 1
19:26:58 | INFO: Extracting primitive: Cube.190
19:26:58 | INFO: Primitives created: 1
19:26:58 | INFO: Extracting primitive: Cube.191
19:26:58 | INFO: Primitives created: 1
19:26:58 | INFO: Extracting primitive: Cube.192
19:26:58 | INFO: Primitives created: 1
19:26:58 | INFO: Extracting primitive: Cube.193
19:26:58 | INFO: Primitives created: 1
19:26:58 | INFO: Extracting primitive: Cube.194
19:26:58 | INFO: Primitives created: 1
19:26:58 | INFO: Extracting primitive: Cube.195
19:26:58 | INFO: Primitives created: 1
19:26:58 | INFO: Extracting primitive: Cube.196
19:26:58 | INFO: Primitives created: 1
19:26:58 | INFO: Extracting primitive: Cube.197
19:26:58 | INFO: Primitives created: 1
19:26:58 | INFO: Extracting primitive: Cube.198
19:26:58 | INFO: Primitives created: 1
19:26:58 | INFO: Extracting primitive: Cube.199
19:26:58 | INFO: Primitives created: 1
19:26:58 | INFO: Extracting primitive: Cube.200
19:26:58 | INFO: Primitives created: 1
19:26:58 | INFO: Extracting primitive: Cube.201
19:26:58 | INFO: Primitives created: 1
19:26:58 | INFO: Extracting primitive: Cube.202
19:26:58 | INFO: Primitives created: 1
19:26:58 | INFO: Extracting primitive: Cube.203
19:26:58 | INFO: Primitives created: 1
19:26:58 | INFO: Extracting primitive: Cube.204
19:26:58 | INFO: Primitives created: 1
19:26:58 | INFO: Extracting primitive: Cube.205
19:26:58 | INFO: Primitives created: 1
19:26:58 | INFO: Extracting primitive: Cube.206
19:26:58 | INFO: Primitives created: 1
19:26:58 | INFO: Extracting primitive: Cube.207
19:26:58 | INFO: Primitives created: 1
19:26:58 | INFO: Extracting primitive: Cube.208
19:26:58 | INFO: Primitives created: 1
19:26:58 | INFO: Extracting primitive: Cube.209
19:26:58 | INFO: Primitives created: 1
19:26:58 | INFO: Extracting primitive: Cube.210
19:26:58 | INFO: Primitives created: 1
19:26:58 | INFO: Extracting primitive: Cube.211
19:26:58 | INFO: Primitives created: 1
19:26:58 | INFO: Extracting primitive: Cube.212
19:26:58 | INFO: Primitives created: 1
19:26:58 | INFO: Extracting primitive: Cube.213
19:26:58 | INFO: Primitives created: 1
19:26:58 | INFO: Extracting primitive: Cube.214
19:26:58 | INFO: Primitives created: 1
19:26:58 | INFO: Extracting primitive: Cube.215
19:26:58 | INFO: Primitives created: 1
19:26:58 | INFO: Extracting primitive: Cube.216
19:26:58 | INFO: Primitives created: 1
19:26:58 | INFO: Extracting primitive: Cube.217
19:26:58 | INFO: Primitives created: 1
19:26:58 | INFO: Extracting primitive: Cube.218
19:26:58 | INFO: Primitives created: 1
19:26:58 | INFO: Extracting primitive: Cube.219
19:26:58 | INFO: Primitives created: 1
19:26:58 | INFO: Extracting primitive: Cube.220
19:26:58 | INFO: Primitives created: 1
19:26:58 | INFO: Extracting primitive: Cube.221
19:26:58 | INFO: Primitives created: 1
19:26:58 | INFO: Extracting primitive: Cube.222
19:26:58 | INFO: Primitives created: 1
19:26:58 | INFO: Extracting primitive: Cube.223
19:26:58 | INFO: Primitives created: 1
19:26:58 | INFO: Extracting primitive: Cube.224
19:26:58 | INFO: Primitives created: 1
19:26:58 | INFO: Extracting primitive: Cube.225
19:26:58 | INFO: Primitives created: 1
19:26:58 | INFO: Extracting primitive: Cube.226
19:26:58 | INFO: Primitives created: 1
19:26:58 | INFO: Extracting primitive: Cube.227
19:26:58 | INFO: Primitives created: 1
19:26:58 | INFO: Extracting primitive: Knot sculpture
19:26:58 | INFO: Primitives created: 1
19:26:58 | INFO: Extracting primitive: Cube.133
19:26:58 | INFO: Primitives created: 1
19:26:58 | INFO: Extracting primitive: Cube.127
19:26:58 | INFO: Primitives created: 1
19:26:58 | INFO: Extracting primitive: Loose sand blanket
19:26:58 | INFO: Primitives created: 1
19:26:58 | INFO: Extracting primitive: Cube.349
19:26:58 | INFO: Primitives created: 1
19:26:58 | INFO: Extracting primitive: Lounge chair back cushion
19:26:58 | INFO: Primitives created: 1
19:26:58 | INFO: Extracting primitive: Cone.318
19:26:58 | INFO: Primitives created: 1
19:26:58 | INFO: Extracting primitive: Cone.319
19:26:58 | INFO: Primitives created: 1
19:26:58 | INFO: Extracting primitive: Cone.320
19:26:58 | INFO: Primitives created: 1
19:26:58 | INFO: Extracting primitive: Cone.321
19:26:58 | INFO: Primitives created: 1
19:26:58 | INFO: Extracting primitive: Cube.348
19:26:58 | INFO: Primitives created: 1
19:26:58 | INFO: Extracting primitive: Cube.350
19:26:58 | INFO: Primitives created: 1
19:26:58 | INFO: Extracting primitive: Cube.351
19:26:58 | INFO: Primitives created: 1
19:26:58 | INFO: Extracting primitive: Cube.231
19:26:58 | INFO: Primitives created: 1
19:26:58 | INFO: Extracting primitive: Cube.167
19:26:58 | INFO: Primitives created: 1
19:26:58 | INFO: Extracting primitive: Cube.178
19:26:58 | INFO: Primitives created: 1
19:26:58 | INFO: Extracting primitive: Cube.168
19:26:58 | INFO: Primitives created: 1
19:26:58 | INFO: Extracting primitive: Cube.169
19:26:58 | INFO: Primitives created: 1
19:26:58 | INFO: Extracting primitive: Cube.170
19:26:58 | INFO: Primitives created: 1
19:26:58 | INFO: Extracting primitive: Cube.171
19:26:58 | INFO: Primitives created: 1
19:26:58 | INFO: Extracting primitive: Cube.172
19:26:58 | INFO: Primitives created: 1
19:26:58 | INFO: Extracting primitive: Cube.173
19:26:58 | INFO: Primitives created: 1
19:26:58 | INFO: Extracting primitive: Cube.174
19:26:58 | INFO: Primitives created: 1
19:26:58 | INFO: Extracting primitive: Cube.175
19:26:58 | INFO: Primitives created: 1
19:26:58 | INFO: Extracting primitive: Cube.176
19:26:58 | INFO: Primitives created: 1
19:26:58 | INFO: Extracting primitive: Cube.177
19:26:58 | INFO: Primitives created: 1
19:26:58 | INFO: Extracting primitive: Cone.018
19:26:58 | INFO: Primitives created: 1
19:26:58 | INFO: Extracting primitive: Sphere
19:26:58 | INFO: Primitives created: 1
19:26:58 | INFO: Extracting primitive: Cube.234
19:26:58 | INFO: Primitives created: 1
19:26:58 | INFO: Extracting primitive: Cube.237
19:26:58 | INFO: Primitives created: 1
19:26:58 | INFO: Extracting primitive: Cube.148
19:26:58 | INFO: Primitives created: 1
19:26:58 | INFO: Extracting primitive: Sphere.001
19:26:58 | INFO: Primitives created: 1
19:26:58 | INFO: Extracting primitive: Cube.240
19:26:58 | INFO: Primitives created: 1
19:26:58 | INFO: Extracting primitive: Cone.020
19:26:58 | INFO: Primitives created: 1
19:26:58 | INFO: Extracting primitive: Cone.021
19:26:58 | INFO: Primitives created: 1
19:26:58 | INFO: Extracting primitive: Cone.022
19:26:58 | INFO: Primitives created: 1
19:26:58 | INFO: Extracting primitive: Cone.023
19:26:58 | INFO: Primitives created: 1
19:26:58 | INFO: Extracting primitive: Pleated linen curtain
19:26:58 | INFO: Primitives created: 1
19:26:58 | INFO: Extracting primitive: Pleated linen curtain.001
19:26:58 | INFO: Primitives created: 1
19:26:58 | INFO: Extracting primitive: Cube.346
19:26:58 | INFO: Primitives created: 1
19:26:58 | INFO: Extracting primitive: Cube.135
19:26:58 | INFO: Primitives created: 1
19:26:58 | INFO: Extracting primitive: Cube.347
19:26:58 | INFO: Primitives created: 1
19:26:58 | INFO: Extracting primitive: Cube.130
19:26:58 | INFO: Primitives created: 1
19:26:58 | INFO: Extracting primitive: Cube.129
19:26:58 | INFO: Primitives created: 1
19:26:58 | INFO: Extracting primitive: Cube.131
19:26:58 | INFO: Primitives created: 1
19:26:58 | INFO: Extracting primitive: Cube.331
19:26:58 | INFO: Primitives created: 1
19:26:58 | INFO: Extracting primitive: Cube.332
19:26:58 | INFO: Primitives created: 1
19:26:58 | INFO: Extracting primitive: Cube.333
19:26:58 | INFO: Primitives created: 1
19:26:58 | INFO: Extracting primitive: Cube.334
19:26:58 | INFO: Primitives created: 1
19:26:58 | INFO: Extracting primitive: Cube.335
19:26:58 | INFO: Primitives created: 1
19:26:58 | INFO: Extracting primitive: Cube.336
19:26:58 | INFO: Primitives created: 1
19:26:58 | INFO: Extracting primitive: Cube.337
19:26:58 | INFO: Primitives created: 1
19:26:58 | INFO: Extracting primitive: Cube.338
19:26:58 | INFO: Primitives created: 1
19:26:58 | INFO: Extracting primitive: Cube.339
19:26:58 | INFO: Primitives created: 1
19:26:58 | INFO: Extracting primitive: Cube.340
19:26:58 | INFO: Primitives created: 1
19:26:58 | INFO: Extracting primitive: Cube.341
19:26:58 | INFO: Primitives created: 1
19:26:58 | INFO: Extracting primitive: Cube.342
19:26:58 | INFO: Primitives created: 1
19:26:58 | INFO: Extracting primitive: Cube.343
19:26:58 | INFO: Primitives created: 1
19:26:58 | INFO: Extracting primitive: Cube.344
19:26:58 | INFO: Primitives created: 1
19:26:58 | INFO: Extracting primitive: Cube.345
19:26:58 | INFO: Primitives created: 1
19:26:58 | INFO: Extracting primitive: Cube.132
19:26:58 | INFO: Primitives created: 1
19:26:58 | INFO: Extracting primitive: Cube.134
19:26:58 | INFO: Primitives created: 1
19:26:58 | INFO: Extracting primitive: Cube.128
19:26:58 | INFO: Primitives created: 1
19:26:58 | INFO: Extracting primitive: Cone.339
19:26:58 | INFO: Primitives created: 1
19:26:58 | INFO: Extracting primitive: Cone.076
19:26:58 | INFO: Primitives created: 1
19:26:58 | INFO: Extracting primitive: Cone.077
19:26:58 | INFO: Primitives created: 1
19:26:58 | INFO: Extracting primitive: Cone.078
19:26:58 | INFO: Primitives created: 1
19:26:58 | INFO: Extracting primitive: Cone.079
19:26:58 | INFO: Primitives created: 1
19:26:58 | INFO: Extracting primitive: Cone.080
19:26:58 | INFO: Primitives created: 1
19:26:58 | INFO: Extracting primitive: Cone.081
19:26:58 | INFO: Primitives created: 1
19:26:58 | INFO: Extracting primitive: Cone.082
19:26:58 | INFO: Primitives created: 1
19:26:58 | INFO: Extracting primitive: Cone.083
19:26:58 | INFO: Primitives created: 1
19:26:58 | INFO: Extracting primitive: Cone.084
19:26:58 | INFO: Primitives created: 1
19:26:58 | INFO: Extracting primitive: Cone.085
19:26:58 | INFO: Primitives created: 1
19:26:58 | INFO: Extracting primitive: Cone.086
19:26:58 | INFO: Primitives created: 1
19:26:58 | INFO: Extracting primitive: Cone.087
19:26:58 | INFO: Primitives created: 1
19:26:58 | INFO: Extracting primitive: Cone.088
19:26:58 | INFO: Primitives created: 1
19:26:58 | INFO: Extracting primitive: Cone.089
19:26:58 | INFO: Primitives created: 1
19:26:58 | INFO: Extracting primitive: Cone.090
19:26:58 | INFO: Primitives created: 1
19:26:58 | INFO: Extracting primitive: Cone.091
19:26:58 | INFO: Primitives created: 1
19:26:58 | INFO: Extracting primitive: Cone.092
19:26:58 | INFO: Primitives created: 1
19:26:58 | INFO: Extracting primitive: Cone.093
19:26:58 | INFO: Primitives created: 1
19:26:58 | INFO: Extracting primitive: Cone.094
19:26:58 | INFO: Primitives created: 1
19:26:58 | INFO: Extracting primitive: Cone.095
19:26:58 | INFO: Primitives created: 1
19:26:58 | INFO: Extracting primitive: Cone.096
19:26:58 | INFO: Primitives created: 1
19:26:58 | INFO: Extracting primitive: Cone.097
19:26:58 | INFO: Primitives created: 1
19:26:58 | INFO: Extracting primitive: Cone.098
19:26:58 | INFO: Primitives created: 1
19:26:58 | INFO: Extracting primitive: Cone.099
19:26:58 | INFO: Primitives created: 1
19:26:58 | INFO: Extracting primitive: Cone.100
19:26:58 | INFO: Primitives created: 1
19:26:58 | INFO: Extracting primitive: Cone.101
19:26:58 | INFO: Primitives created: 1
19:26:58 | INFO: Extracting primitive: Cone.102
19:26:58 | INFO: Primitives created: 1
19:26:58 | INFO: Extracting primitive: Cone.103
19:26:58 | INFO: Primitives created: 1
19:26:58 | INFO: Extracting primitive: Cone.104
19:26:58 | INFO: Primitives created: 1
19:26:58 | INFO: Extracting primitive: Cone.105
19:26:58 | INFO: Primitives created: 1
19:26:58 | INFO: Extracting primitive: Cone.106
19:26:58 | INFO: Primitives created: 1
19:26:58 | INFO: Extracting primitive: Cone.107
19:26:58 | INFO: Primitives created: 1
19:26:58 | INFO: Extracting primitive: Cone.108
19:26:58 | INFO: Primitives created: 1
19:26:58 | INFO: Extracting primitive: Cone.109
19:26:58 | INFO: Primitives created: 1
19:26:58 | INFO: Extracting primitive: Cone.110
19:26:58 | INFO: Primitives created: 1
19:26:58 | INFO: Extracting primitive: Cone.111
19:26:58 | INFO: Primitives created: 1
19:26:58 | INFO: Extracting primitive: Cone.112
19:26:58 | INFO: Primitives created: 1
19:26:58 | INFO: Extracting primitive: Cone.113
19:26:58 | INFO: Primitives created: 1
19:26:58 | INFO: Extracting primitive: Cone.114
19:26:58 | INFO: Primitives created: 1
19:26:58 | INFO: Extracting primitive: Cone.115
19:26:58 | INFO: Primitives created: 1
19:26:58 | INFO: Extracting primitive: Cone.116
19:26:58 | INFO: Primitives created: 1
19:26:58 | INFO: Extracting primitive: Cone.117
19:26:58 | INFO: Primitives created: 1
19:26:58 | INFO: Extracting primitive: Cone.118
19:26:58 | INFO: Primitives created: 1
19:26:58 | INFO: Extracting primitive: Cone.119
19:26:58 | INFO: Primitives created: 1
19:26:58 | INFO: Extracting primitive: Cone.120
19:26:58 | INFO: Primitives created: 1
19:26:58 | INFO: Extracting primitive: Cone.121
19:26:58 | INFO: Primitives created: 1
19:26:58 | INFO: Extracting primitive: Cone.122
19:26:58 | INFO: Primitives created: 1
19:26:58 | INFO: Extracting primitive: Cone.123
19:26:58 | INFO: Primitives created: 1
19:26:58 | INFO: Extracting primitive: Cone.124
19:26:58 | INFO: Primitives created: 1
19:26:58 | INFO: Extracting primitive: Cone.125
19:26:58 | INFO: Primitives created: 1
19:26:58 | INFO: Extracting primitive: Cone.126
19:26:58 | INFO: Primitives created: 1
19:26:58 | INFO: Extracting primitive: Cone.127
19:26:58 | INFO: Primitives created: 1
19:26:58 | INFO: Extracting primitive: Cone.128
19:26:58 | INFO: Primitives created: 1
19:26:58 | INFO: Extracting primitive: Cone.129
19:26:58 | INFO: Primitives created: 1
19:26:58 | INFO: Extracting primitive: Cone.130
19:26:58 | INFO: Primitives created: 1
19:26:58 | INFO: Extracting primitive: Cone.131
19:26:58 | INFO: Primitives created: 1
19:26:58 | INFO: Extracting primitive: Cone.132
19:26:58 | INFO: Primitives created: 1
19:26:58 | INFO: Extracting primitive: Cone.133
19:26:58 | INFO: Primitives created: 1
19:26:58 | INFO: Extracting primitive: Cone.134
19:26:58 | INFO: Primitives created: 1
19:26:58 | INFO: Extracting primitive: Cone.135
19:26:58 | INFO: Primitives created: 1
19:26:58 | INFO: Extracting primitive: Cone.136
19:26:58 | INFO: Primitives created: 1
19:26:58 | INFO: Extracting primitive: Cone.137
19:26:58 | INFO: Primitives created: 1
19:26:58 | INFO: Extracting primitive: Cone.138
19:26:58 | INFO: Primitives created: 1
19:26:58 | INFO: Extracting primitive: Cone.139
19:26:58 | INFO: Primitives created: 1
19:26:58 | INFO: Extracting primitive: Cone.140
19:26:58 | INFO: Primitives created: 1
19:26:58 | INFO: Extracting primitive: Cone.141
19:26:58 | INFO: Primitives created: 1
19:26:58 | INFO: Extracting primitive: Cone.142
19:26:58 | INFO: Primitives created: 1
19:26:58 | INFO: Extracting primitive: Cone.143
19:26:58 | INFO: Primitives created: 1
19:26:58 | INFO: Extracting primitive: Cone.144
19:26:58 | INFO: Primitives created: 1
19:26:58 | INFO: Extracting primitive: Cone.145
19:26:58 | INFO: Primitives created: 1
19:26:58 | INFO: Extracting primitive: Cone.146
19:26:58 | INFO: Primitives created: 1
19:26:58 | INFO: Extracting primitive: Cone.147
19:26:58 | INFO: Primitives created: 1
19:26:58 | INFO: Extracting primitive: Cone.148
19:26:58 | INFO: Primitives created: 1
19:26:58 | INFO: Extracting primitive: Cone.149
19:26:58 | INFO: Primitives created: 1
19:26:58 | INFO: Extracting primitive: Cone.150
19:26:58 | INFO: Primitives created: 1
19:26:58 | INFO: Extracting primitive: Cone.151
19:26:58 | INFO: Primitives created: 1
19:26:58 | INFO: Extracting primitive: Cone.152
19:26:58 | INFO: Primitives created: 1
19:26:58 | INFO: Extracting primitive: Cone.153
19:26:58 | INFO: Primitives created: 1
19:26:58 | INFO: Extracting primitive: Cone.154
19:26:58 | INFO: Primitives created: 1
19:26:58 | INFO: Extracting primitive: Cone.155
19:26:58 | INFO: Primitives created: 1
19:26:58 | INFO: Extracting primitive: Cone.156
19:26:58 | INFO: Primitives created: 1
19:26:58 | INFO: Extracting primitive: Cone.157
19:26:58 | INFO: Primitives created: 1
19:26:58 | INFO: Extracting primitive: Cone.158
19:26:58 | INFO: Primitives created: 1
19:26:58 | INFO: Extracting primitive: Cone.159
19:26:58 | INFO: Primitives created: 1
19:26:58 | INFO: Extracting primitive: Cone.160
19:26:58 | INFO: Primitives created: 1
19:26:58 | INFO: Extracting primitive: Cone.161
19:26:58 | INFO: Primitives created: 1
19:26:58 | INFO: Extracting primitive: Cone.162
19:26:58 | INFO: Primitives created: 1
19:26:58 | INFO: Extracting primitive: Cone.163
19:26:58 | INFO: Primitives created: 1
19:26:58 | INFO: Extracting primitive: Cone.164
19:26:58 | INFO: Primitives created: 1
19:26:58 | INFO: Extracting primitive: Cone.165
19:26:58 | INFO: Primitives created: 1
19:26:58 | INFO: Extracting primitive: Cone.166
19:26:58 | INFO: Primitives created: 1
19:26:58 | INFO: Extracting primitive: Cone.167
19:26:58 | INFO: Primitives created: 1
19:26:58 | INFO: Extracting primitive: Cone.168
19:26:58 | INFO: Primitives created: 1
19:26:58 | INFO: Extracting primitive: Cone.169
19:26:58 | INFO: Primitives created: 1
19:26:58 | INFO: Extracting primitive: Cone.170
19:26:58 | INFO: Primitives created: 1
19:26:58 | INFO: Extracting primitive: Cone.171
19:26:58 | INFO: Primitives created: 1
19:26:58 | INFO: Extracting primitive: Cone.172
19:26:58 | INFO: Primitives created: 1
19:26:58 | INFO: Extracting primitive: Cone.173
19:26:58 | INFO: Primitives created: 1
19:26:58 | INFO: Extracting primitive: Cone.174
19:26:58 | INFO: Primitives created: 1
19:26:58 | INFO: Extracting primitive: Cone.175
19:26:58 | INFO: Primitives created: 1
19:26:58 | INFO: Extracting primitive: Cone.176
19:26:58 | INFO: Primitives created: 1
19:26:58 | INFO: Extracting primitive: Cone.177
19:26:58 | INFO: Primitives created: 1
19:26:58 | INFO: Extracting primitive: Cone.178
19:26:58 | INFO: Primitives created: 1
19:26:58 | INFO: Extracting primitive: Cone.179
19:26:58 | INFO: Primitives created: 1
19:26:58 | INFO: Extracting primitive: Cone.180
19:26:58 | INFO: Primitives created: 1
19:26:58 | INFO: Extracting primitive: Cone.181
19:26:58 | INFO: Primitives created: 1
19:26:58 | INFO: Extracting primitive: Cone.182
19:26:58 | INFO: Primitives created: 1
19:26:58 | INFO: Extracting primitive: Cone.183
19:26:58 | INFO: Primitives created: 1
19:26:58 | INFO: Extracting primitive: Cone.184
19:26:58 | INFO: Primitives created: 1
19:26:58 | INFO: Extracting primitive: Cone.185
19:26:58 | INFO: Primitives created: 1
19:26:58 | INFO: Extracting primitive: Cone.186
19:26:58 | INFO: Primitives created: 1
19:26:58 | INFO: Extracting primitive: Cone.187
19:26:58 | INFO: Primitives created: 1
19:26:58 | INFO: Extracting primitive: Cone.188
19:26:58 | INFO: Primitives created: 1
19:26:58 | INFO: Extracting primitive: Cone.189
19:26:58 | INFO: Primitives created: 1
19:26:58 | INFO: Extracting primitive: Cone.190
19:26:58 | INFO: Primitives created: 1
19:26:58 | INFO: Extracting primitive: Cone.191
19:26:58 | INFO: Primitives created: 1
19:26:58 | INFO: Extracting primitive: Cone.192
19:26:58 | INFO: Primitives created: 1
19:26:58 | INFO: Extracting primitive: Cone.193
19:26:58 | INFO: Primitives created: 1
19:26:58 | INFO: Extracting primitive: Cone.194
19:26:58 | INFO: Primitives created: 1
19:26:58 | INFO: Extracting primitive: Cone.195
19:26:58 | INFO: Primitives created: 1
19:26:58 | INFO: Extracting primitive: Cone.196
19:26:58 | INFO: Primitives created: 1
19:26:58 | INFO: Extracting primitive: Cone.197
19:26:58 | INFO: Primitives created: 1
19:26:58 | INFO: Extracting primitive: Cone.198
19:26:58 | INFO: Primitives created: 1
19:26:58 | INFO: Extracting primitive: Cone.199
19:26:58 | INFO: Primitives created: 1
19:26:58 | INFO: Extracting primitive: Cone.200
19:26:58 | INFO: Primitives created: 1
19:26:58 | INFO: Extracting primitive: Cone.201
19:26:58 | INFO: Primitives created: 1
19:26:58 | INFO: Extracting primitive: Cone.202
19:26:58 | INFO: Primitives created: 1
19:26:58 | INFO: Extracting primitive: Cone.203
19:26:58 | INFO: Primitives created: 1
19:26:58 | INFO: Extracting primitive: Cone.204
19:26:58 | INFO: Primitives created: 1
19:26:58 | INFO: Extracting primitive: Cone.205
19:26:58 | INFO: Primitives created: 1
19:26:58 | INFO: Extracting primitive: Cone.206
19:26:58 | INFO: Primitives created: 1
19:26:58 | INFO: Extracting primitive: Cone.207
19:26:58 | INFO: Primitives created: 1
19:26:58 | INFO: Extracting primitive: Cone.208
19:26:58 | INFO: Primitives created: 1
19:26:58 | INFO: Extracting primitive: Cone.209
19:26:58 | INFO: Primitives created: 1
19:26:58 | INFO: Extracting primitive: Cone.210
19:26:58 | INFO: Primitives created: 1
19:26:58 | INFO: Extracting primitive: Cone.211
19:26:58 | INFO: Primitives created: 1
19:26:58 | INFO: Extracting primitive: Shelf ceramic
19:26:58 | INFO: Primitives created: 1
19:26:58 | INFO: Extracting primitive: Cone.251
19:26:58 | INFO: Primitives created: 1
19:26:58 | INFO: Extracting primitive: Shelf plant one leaf
19:26:58 | INFO: Primitives created: 1
19:26:58 | INFO: Extracting primitive: Shelf plant one leaf midrib
19:26:58 | INFO: Primitives created: 1
19:26:58 | INFO: Extracting primitive: Shelf plant one leaf midrib.001
19:26:58 | INFO: Primitives created: 1
19:26:58 | INFO: Extracting primitive: Shelf plant one leaf midrib.002
19:26:58 | INFO: Primitives created: 1
19:26:58 | INFO: Extracting primitive: Shelf plant one leaf midrib.003
19:26:58 | INFO: Primitives created: 1
19:26:58 | INFO: Extracting primitive: Shelf plant one leaf midrib.004
19:26:58 | INFO: Primitives created: 1
19:26:58 | INFO: Extracting primitive: Shelf plant one leaf midrib.005
19:26:58 | INFO: Primitives created: 1
19:26:58 | INFO: Extracting primitive: Shelf plant one leaf midrib.006
19:26:58 | INFO: Primitives created: 1
19:26:58 | INFO: Extracting primitive: Shelf plant one leaf midrib.007
19:26:58 | INFO: Primitives created: 1
19:26:58 | INFO: Extracting primitive: Shelf plant one leaf midrib.008
19:26:58 | INFO: Primitives created: 1
19:26:58 | INFO: Extracting primitive: Shelf plant one leaf midrib.009
19:26:58 | INFO: Primitives created: 1
19:26:58 | INFO: Extracting primitive: Shelf plant one leaf midrib.010
19:26:58 | INFO: Primitives created: 1
19:26:58 | INFO: Extracting primitive: Shelf plant one leaf.001
19:26:58 | INFO: Primitives created: 1
19:26:58 | INFO: Extracting primitive: Shelf plant one leaf.002
19:26:58 | INFO: Primitives created: 1
19:26:58 | INFO: Extracting primitive: Shelf plant one leaf.003
19:26:58 | INFO: Primitives created: 1
19:26:58 | INFO: Extracting primitive: Shelf plant one leaf.004
19:26:58 | INFO: Primitives created: 1
19:26:58 | INFO: Extracting primitive: Shelf plant one leaf.005
19:26:58 | INFO: Primitives created: 1
19:26:58 | INFO: Extracting primitive: Shelf plant one leaf.006
19:26:58 | INFO: Primitives created: 1
19:26:58 | INFO: Extracting primitive: Shelf plant one leaf.007
19:26:58 | INFO: Primitives created: 1
19:26:58 | INFO: Extracting primitive: Shelf plant one leaf.008
19:26:58 | INFO: Primitives created: 1
19:26:58 | INFO: Extracting primitive: Shelf plant one leaf.009
19:26:58 | INFO: Primitives created: 1
19:26:58 | INFO: Extracting primitive: Shelf plant one leaf.010
19:26:58 | INFO: Primitives created: 1
19:26:58 | INFO: Extracting primitive: Cone.225
19:26:58 | INFO: Primitives created: 1
19:26:58 | INFO: Extracting primitive: Torus.001
19:26:58 | INFO: Primitives created: 1
19:26:58 | INFO: Extracting primitive: Cone.226
19:26:58 | INFO: Primitives created: 1
19:26:58 | INFO: Extracting primitive: Cone.227
19:26:58 | INFO: Primitives created: 1
19:26:58 | INFO: Extracting primitive: Cone.228
19:26:58 | INFO: Primitives created: 1
19:26:58 | INFO: Extracting primitive: Cone.229
19:26:58 | INFO: Primitives created: 1
19:26:58 | INFO: Extracting primitive: Cone.230
19:26:58 | INFO: Primitives created: 1
19:26:58 | INFO: Extracting primitive: Cone.231
19:26:58 | INFO: Primitives created: 1
19:26:58 | INFO: Extracting primitive: Cone.232
19:26:58 | INFO: Primitives created: 1
19:26:58 | INFO: Extracting primitive: Cone.233
19:26:58 | INFO: Primitives created: 1
19:26:58 | INFO: Extracting primitive: Cone.234
19:26:58 | INFO: Primitives created: 1
19:26:58 | INFO: Extracting primitive: Cone.235
19:26:58 | INFO: Primitives created: 1
19:26:58 | INFO: Extracting primitive: Cone.236
19:26:58 | INFO: Primitives created: 1
19:26:58 | INFO: Extracting primitive: Cone.237
19:26:58 | INFO: Primitives created: 1
19:26:58 | INFO: Extracting primitive: Shelf plant two leaf
19:26:58 | INFO: Primitives created: 1
19:26:58 | INFO: Extracting primitive: Shelf plant two leaf midrib
19:26:58 | INFO: Primitives created: 1
19:26:58 | INFO: Extracting primitive: Shelf plant two leaf midrib.001
19:26:58 | INFO: Primitives created: 1
19:26:58 | INFO: Extracting primitive: Shelf plant two leaf midrib.002
19:26:58 | INFO: Primitives created: 1
19:26:58 | INFO: Extracting primitive: Shelf plant two leaf midrib.003
19:26:58 | INFO: Primitives created: 1
19:26:58 | INFO: Extracting primitive: Shelf plant two leaf midrib.004
19:26:58 | INFO: Primitives created: 1
19:26:58 | INFO: Extracting primitive: Shelf plant two leaf midrib.005
19:26:58 | INFO: Primitives created: 1
19:26:58 | INFO: Extracting primitive: Shelf plant two leaf midrib.006
19:26:58 | INFO: Primitives created: 1
19:26:58 | INFO: Extracting primitive: Shelf plant two leaf midrib.007
19:26:58 | INFO: Primitives created: 1
19:26:58 | INFO: Extracting primitive: Shelf plant two leaf midrib.008
19:26:58 | INFO: Primitives created: 1
19:26:58 | INFO: Extracting primitive: Shelf plant two leaf midrib.009
19:26:58 | INFO: Primitives created: 1
19:26:58 | INFO: Extracting primitive: Shelf plant two leaf midrib.010
19:26:58 | INFO: Primitives created: 1
19:26:58 | INFO: Extracting primitive: Shelf plant two leaf.001
19:26:58 | INFO: Primitives created: 1
19:26:58 | INFO: Extracting primitive: Shelf plant two leaf.002
19:26:58 | INFO: Primitives created: 1
19:26:58 | INFO: Extracting primitive: Shelf plant two leaf.003
19:26:58 | INFO: Primitives created: 1
19:26:58 | INFO: Extracting primitive: Shelf plant two leaf.004
19:26:58 | INFO: Primitives created: 1
19:26:58 | INFO: Extracting primitive: Shelf plant two leaf.005
19:26:58 | INFO: Primitives created: 1
19:26:58 | INFO: Extracting primitive: Shelf plant two leaf.006
19:26:58 | INFO: Primitives created: 1
19:26:58 | INFO: Extracting primitive: Shelf plant two leaf.007
19:26:58 | INFO: Primitives created: 1
19:26:58 | INFO: Extracting primitive: Shelf plant two leaf.008
19:26:58 | INFO: Primitives created: 1
19:26:58 | INFO: Extracting primitive: Shelf plant two leaf.009
19:26:58 | INFO: Primitives created: 1
19:26:58 | INFO: Extracting primitive: Shelf plant two leaf.010
19:26:58 | INFO: Primitives created: 1
19:26:58 | INFO: Extracting primitive: Cone.238
19:26:58 | INFO: Primitives created: 1
19:26:58 | INFO: Extracting primitive: Torus.002
19:26:58 | INFO: Primitives created: 1
19:26:58 | INFO: Extracting primitive: Cone.239
19:26:58 | INFO: Primitives created: 1
19:26:58 | INFO: Extracting primitive: Cone.240
19:26:58 | INFO: Primitives created: 1
19:26:58 | INFO: Extracting primitive: Cone.241
19:26:58 | INFO: Primitives created: 1
19:26:58 | INFO: Extracting primitive: Cone.242
19:26:58 | INFO: Primitives created: 1
19:26:58 | INFO: Extracting primitive: Cone.243
19:26:58 | INFO: Primitives created: 1
19:26:58 | INFO: Extracting primitive: Cone.244
19:26:58 | INFO: Primitives created: 1
19:26:58 | INFO: Extracting primitive: Cone.245
19:26:58 | INFO: Primitives created: 1
19:26:58 | INFO: Extracting primitive: Cone.246
19:26:58 | INFO: Primitives created: 1
19:26:58 | INFO: Extracting primitive: Cone.247
19:26:58 | INFO: Primitives created: 1
19:26:58 | INFO: Extracting primitive: Cone.248
19:26:58 | INFO: Primitives created: 1
19:26:58 | INFO: Extracting primitive: Cone.249
19:26:58 | INFO: Primitives created: 1
19:26:58 | INFO: Extracting primitive: Cone.250
19:26:58 | INFO: Primitives created: 1
19:26:58 | INFO: Extracting primitive: Cone.347
19:26:58 | INFO: Primitives created: 1
19:26:58 | INFO: Extracting primitive: Cone.348
19:26:58 | INFO: Primitives created: 1
19:26:58 | INFO: Extracting primitive: Sphere.004
19:26:58 | INFO: Primitives created: 1
19:26:58 | INFO: Extracting primitive: Sphere.003
19:26:58 | INFO: Primitives created: 1
19:26:58 | INFO: Extracting primitive: Cube.358
19:26:58 | INFO: Primitives created: 1
19:26:58 | INFO: Extracting primitive: Cube.359
19:26:58 | INFO: Primitives created: 1
19:26:58 | INFO: Extracting primitive: Sphere.002
19:26:58 | INFO: Primitives created: 1
19:26:58 | INFO: Extracting primitive: Cube.259
19:26:58 | INFO: Primitives created: 1
19:26:58 | INFO: Extracting primitive: Cube.261
19:26:58 | INFO: Primitives created: 1
19:26:58 | INFO: Extracting primitive: Cube.263
19:26:58 | INFO: Primitives created: 1
19:26:58 | INFO: Extracting primitive: Cube.265
19:26:58 | INFO: Primitives created: 1
19:26:58 | INFO: Extracting primitive: Cube.267
19:26:58 | INFO: Primitives created: 1
19:26:58 | INFO: Extracting primitive: Cube.269
19:26:58 | INFO: Primitives created: 1
19:26:58 | INFO: Extracting primitive: Cube.271
19:26:58 | INFO: Primitives created: 1
19:26:58 | INFO: Extracting primitive: Cube.273
19:26:58 | INFO: Primitives created: 1
19:26:58 | INFO: Extracting primitive: Cube.275
19:26:58 | INFO: Primitives created: 1
19:26:58 | INFO: Extracting primitive: Cube.277
19:26:58 | INFO: Primitives created: 1
19:26:58 | INFO: Extracting primitive: Cube.279
19:26:58 | INFO: Primitives created: 1
19:26:58 | INFO: Extracting primitive: Cube.281
19:26:58 | INFO: Primitives created: 1
19:26:58 | INFO: Extracting primitive: Cube.283
19:26:58 | INFO: Primitives created: 1
19:26:58 | INFO: Extracting primitive: Cube.285
19:26:58 | INFO: Primitives created: 1
19:26:58 | INFO: Extracting primitive: Cube.287
19:26:58 | INFO: Primitives created: 1
19:26:58 | INFO: Extracting primitive: Cube.289
19:26:58 | INFO: Primitives created: 1
19:26:58 | INFO: Extracting primitive: Cube.291
19:26:58 | INFO: Primitives created: 1
19:26:58 | INFO: Extracting primitive: Cube.293
19:26:58 | INFO: Primitives created: 1
19:26:58 | INFO: Extracting primitive: Cube.295
19:26:58 | INFO: Primitives created: 1
19:26:58 | INFO: Extracting primitive: Cube.297
19:26:58 | INFO: Primitives created: 1
19:26:58 | INFO: Extracting primitive: Cube.299
19:26:58 | INFO: Primitives created: 1
19:26:58 | INFO: Extracting primitive: Cube.301
19:26:58 | INFO: Primitives created: 1
19:26:58 | INFO: Extracting primitive: Cube.303
19:26:58 | INFO: Primitives created: 1
19:26:58 | INFO: Extracting primitive: Cube.305
19:26:58 | INFO: Primitives created: 1
19:26:58 | INFO: Extracting primitive: Cube.307
19:26:58 | INFO: Primitives created: 1
19:26:58 | INFO: Extracting primitive: Cube.309
19:26:58 | INFO: Primitives created: 1
19:26:58 | INFO: Extracting primitive: Cube.311
19:26:58 | INFO: Primitives created: 1
19:26:58 | INFO: Extracting primitive: Cube.313
19:26:58 | INFO: Primitives created: 1
19:26:58 | INFO: Extracting primitive: Cube.315
19:26:58 | INFO: Primitives created: 1
19:26:58 | INFO: Extracting primitive: Cube.317
19:26:58 | INFO: Primitives created: 1
19:26:58 | INFO: Extracting primitive: Cube.319
19:26:58 | INFO: Primitives created: 1
19:26:58 | INFO: Extracting primitive: Cube.321
19:26:58 | INFO: Primitives created: 1
19:26:58 | INFO: Extracting primitive: Cube.323
19:26:58 | INFO: Primitives created: 1
19:26:58 | INFO: Extracting primitive: Cube.325
19:26:58 | INFO: Primitives created: 1
19:26:58 | INFO: Extracting primitive: Cube.327
19:26:58 | INFO: Primitives created: 1
19:26:58 | INFO: Extracting primitive: Cube.329
19:26:58 | INFO: Primitives created: 1
19:26:58 | INFO: Extracting primitive: Cone.340
19:26:58 | INFO: Primitives created: 1
19:26:58 | INFO: Extracting primitive: Cone.341
19:26:58 | INFO: Primitives created: 1
19:26:58 | INFO: Extracting primitive: Cone.342
19:26:58 | INFO: Primitives created: 1
19:26:58 | INFO: Extracting primitive: Sleeping pillow
19:26:58 | INFO: Primitives created: 1
19:26:58 | INFO: Extracting primitive: Sleeping pillow.001
19:26:58 | INFO: Primitives created: 1
19:26:58 | INFO: Extracting primitive: Cube.160
19:26:58 | INFO: Primitives created: 1
19:26:58 | INFO: Extracting primitive: Cube.162
19:26:58 | INFO: Primitives created: 1
19:26:58 | INFO: Extracting primitive: Cube.164
19:26:58 | INFO: Primitives created: 1
19:26:58 | INFO: Extracting primitive: Cube.244
19:26:58 | INFO: Primitives created: 1
19:26:58 | INFO: Extracting primitive: Cube.246
19:26:58 | INFO: Primitives created: 1
19:26:58 | INFO: Extracting primitive: Cube.248
19:26:58 | INFO: Primitives created: 1
19:26:58 | INFO: Extracting primitive: Cube.352
19:26:58 | INFO: Primitives created: 1
19:26:58 | INFO: Extracting primitive: Cube.354
19:26:58 | INFO: Primitives created: 1
19:26:58 | INFO: Extracting primitive: Cube.356
19:26:58 | INFO: Primitives created: 1
19:26:58 | INFO: Extracting primitive: Cube.161
19:26:58 | INFO: Primitives created: 1
19:26:58 | INFO: Extracting primitive: Cube.163
19:26:58 | INFO: Primitives created: 1
19:26:58 | INFO: Extracting primitive: Cube.165
19:26:58 | INFO: Primitives created: 1
19:26:58 | INFO: Extracting primitive: Cube.245
19:26:58 | INFO: Primitives created: 1
19:26:58 | INFO: Extracting primitive: Cube.247
19:26:58 | INFO: Primitives created: 1
19:26:58 | INFO: Extracting primitive: Cube.249
19:26:58 | INFO: Primitives created: 1
19:26:58 | INFO: Extracting primitive: Cube.353
19:26:58 | INFO: Primitives created: 1
19:26:58 | INFO: Extracting primitive: Cube.355
19:26:58 | INFO: Primitives created: 1
19:26:58 | INFO: Extracting primitive: Cube.357
19:26:58 | INFO: Primitives created: 1
19:26:58 | INFO: Extracting primitive: Teal accent cushion
19:26:58 | INFO: Primitives created: 1
19:26:58 | INFO: Extracting primitive: Teal throw with hanging edges
19:26:59 | INFO: Primitives created: 1
19:26:59 | INFO: Extracting primitive: Cone.024
19:26:59 | INFO: Primitives created: 1
19:26:59 | INFO: Extracting primitive: Cone.025
19:26:59 | INFO: Primitives created: 1
19:26:59 | INFO: Extracting primitive: Cone.026
19:26:59 | INFO: Primitives created: 1
19:26:59 | INFO: Extracting primitive: Cone.027
19:26:59 | INFO: Primitives created: 1
19:26:59 | INFO: Extracting primitive: Cone.028
19:26:59 | INFO: Primitives created: 1
19:26:59 | INFO: Extracting primitive: Cone.029
19:26:59 | INFO: Primitives created: 1
19:26:59 | INFO: Extracting primitive: Cone.030
19:26:59 | INFO: Primitives created: 1
19:26:59 | INFO: Extracting primitive: Cone.031
19:26:59 | INFO: Primitives created: 1
19:26:59 | INFO: Extracting primitive: Cone.032
19:26:59 | INFO: Primitives created: 1
19:26:59 | INFO: Extracting primitive: Cone.033
19:26:59 | INFO: Primitives created: 1
19:26:59 | INFO: Extracting primitive: Cone.034
19:26:59 | INFO: Primitives created: 1
19:26:59 | INFO: Extracting primitive: Cone.035
19:26:59 | INFO: Primitives created: 1
19:26:59 | INFO: Extracting primitive: Cone.036
19:26:59 | INFO: Primitives created: 1
19:26:59 | INFO: Extracting primitive: Cone.037
19:26:59 | INFO: Primitives created: 1
19:26:59 | INFO: Extracting primitive: Cone.038
19:26:59 | INFO: Primitives created: 1
19:26:59 | INFO: Extracting primitive: Cone.039
19:26:59 | INFO: Primitives created: 1
19:26:59 | INFO: Extracting primitive: Cone.040
19:26:59 | INFO: Primitives created: 1
19:26:59 | INFO: Extracting primitive: Cone.041
19:26:59 | INFO: Primitives created: 1
19:26:59 | INFO: Extracting primitive: Cone.042
19:26:59 | INFO: Primitives created: 1
19:26:59 | INFO: Extracting primitive: Cone.043
19:26:59 | INFO: Primitives created: 1
19:26:59 | INFO: Extracting primitive: Cone.044
19:26:59 | INFO: Primitives created: 1
19:26:59 | INFO: Extracting primitive: Cone.045
19:26:59 | INFO: Primitives created: 1
19:26:59 | INFO: Extracting primitive: Cone.046
19:26:59 | INFO: Primitives created: 1
19:26:59 | INFO: Extracting primitive: Cone.047
19:26:59 | INFO: Primitives created: 1
19:26:59 | INFO: Extracting primitive: Cone.048
19:26:59 | INFO: Primitives created: 1
19:26:59 | INFO: Extracting primitive: Cone.049
19:26:59 | INFO: Primitives created: 1
19:26:59 | INFO: Extracting primitive: Cone.050
19:26:59 | INFO: Primitives created: 1
19:26:59 | INFO: Extracting primitive: Cone.051
19:26:59 | INFO: Primitives created: 1
19:26:59 | INFO: Extracting primitive: Cone.052
19:26:59 | INFO: Primitives created: 1
19:26:59 | INFO: Extracting primitive: Cone.053
19:26:59 | INFO: Primitives created: 1
19:26:59 | INFO: Extracting primitive: Cone.054
19:26:59 | INFO: Primitives created: 1
19:26:59 | INFO: Extracting primitive: Cone.055
19:26:59 | INFO: Primitives created: 1
19:26:59 | INFO: Extracting primitive: Cone.056
19:26:59 | INFO: Primitives created: 1
19:26:59 | INFO: Extracting primitive: Cone.057
19:26:59 | INFO: Primitives created: 1
19:26:59 | INFO: Extracting primitive: Cone.058
19:26:59 | INFO: Primitives created: 1
19:26:59 | INFO: Extracting primitive: Cone.059
19:26:59 | INFO: Primitives created: 1
19:26:59 | INFO: Extracting primitive: Cone.060
19:26:59 | INFO: Primitives created: 1
19:26:59 | INFO: Extracting primitive: Cone.061
19:26:59 | INFO: Primitives created: 1
19:26:59 | INFO: Extracting primitive: Cone.062
19:26:59 | INFO: Primitives created: 1
19:26:59 | INFO: Extracting primitive: Cone.063
19:26:59 | INFO: Primitives created: 1
19:26:59 | INFO: Extracting primitive: Cone.064
19:26:59 | INFO: Primitives created: 1
19:26:59 | INFO: Extracting primitive: Cone.065
19:26:59 | INFO: Primitives created: 1
19:26:59 | INFO: Extracting primitive: Cone.066
19:26:59 | INFO: Primitives created: 1
19:26:59 | INFO: Extracting primitive: Cone.067
19:26:59 | INFO: Primitives created: 1
19:26:59 | INFO: Extracting primitive: Cone.280
19:26:59 | INFO: Primitives created: 1
19:26:59 | INFO: Extracting primitive: Trailing vine leaf
19:26:59 | INFO: Primitives created: 1
19:26:59 | INFO: Extracting primitive: Trailing vine leaf midrib
19:26:59 | INFO: Primitives created: 1
19:26:59 | INFO: Extracting primitive: Trailing vine leaf midrib.001
19:26:59 | INFO: Primitives created: 1
19:26:59 | INFO: Extracting primitive: Trailing vine leaf midrib.002
19:26:59 | INFO: Primitives created: 1
19:26:59 | INFO: Extracting primitive: Trailing vine leaf midrib.003
19:26:59 | INFO: Primitives created: 1
19:26:59 | INFO: Extracting primitive: Trailing vine leaf midrib.004
19:26:59 | INFO: Primitives created: 1
19:26:59 | INFO: Extracting primitive: Trailing vine leaf midrib.005
19:26:59 | INFO: Primitives created: 1
19:26:59 | INFO: Extracting primitive: Trailing vine leaf midrib.006
19:26:59 | INFO: Primitives created: 1
19:26:59 | INFO: Extracting primitive: Trailing vine leaf midrib.007
19:26:59 | INFO: Primitives created: 1
19:26:59 | INFO: Extracting primitive: Trailing vine leaf midrib.008
19:26:59 | INFO: Primitives created: 1
19:26:59 | INFO: Extracting primitive: Trailing vine leaf midrib.009
19:26:59 | INFO: Primitives created: 1
19:26:59 | INFO: Extracting primitive: Trailing vine leaf midrib.010
19:26:59 | INFO: Primitives created: 1
19:26:59 | INFO: Extracting primitive: Trailing vine leaf midrib.011
19:26:59 | INFO: Primitives created: 1
19:26:59 | INFO: Extracting primitive: Trailing vine leaf midrib.012
19:26:59 | INFO: Primitives created: 1
19:26:59 | INFO: Extracting primitive: Trailing vine leaf midrib.013
19:26:59 | INFO: Primitives created: 1
19:26:59 | INFO: Extracting primitive: Trailing vine leaf midrib.014
19:26:59 | INFO: Primitives created: 1
19:26:59 | INFO: Extracting primitive: Trailing vine leaf midrib.015
19:26:59 | INFO: Primitives created: 1
19:26:59 | INFO: Extracting primitive: Trailing vine leaf midrib.016
19:26:59 | INFO: Primitives created: 1
19:26:59 | INFO: Extracting primitive: Trailing vine leaf midrib.017
19:26:59 | INFO: Primitives created: 1
19:26:59 | INFO: Extracting primitive: Trailing vine leaf midrib.018
19:26:59 | INFO: Primitives created: 1
19:26:59 | INFO: Extracting primitive: Trailing vine leaf midrib.019
19:26:59 | INFO: Primitives created: 1
19:26:59 | INFO: Extracting primitive: Trailing vine leaf.001
19:26:59 | INFO: Primitives created: 1
19:26:59 | INFO: Extracting primitive: Trailing vine leaf.002
19:26:59 | INFO: Primitives created: 1
19:26:59 | INFO: Extracting primitive: Trailing vine leaf.003
19:26:59 | INFO: Primitives created: 1
19:26:59 | INFO: Extracting primitive: Trailing vine leaf.004
19:26:59 | INFO: Primitives created: 1
19:26:59 | INFO: Extracting primitive: Trailing vine leaf.005
19:26:59 | INFO: Primitives created: 1
19:26:59 | INFO: Extracting primitive: Trailing vine leaf.006
19:26:59 | INFO: Primitives created: 1
19:26:59 | INFO: Extracting primitive: Trailing vine leaf.007
19:26:59 | INFO: Primitives created: 1
19:26:59 | INFO: Extracting primitive: Trailing vine leaf.008
19:26:59 | INFO: Primitives created: 1
19:26:59 | INFO: Extracting primitive: Trailing vine leaf.009
19:26:59 | INFO: Primitives created: 1
19:26:59 | INFO: Extracting primitive: Trailing vine leaf.010
19:26:59 | INFO: Primitives created: 1
19:26:59 | INFO: Extracting primitive: Trailing vine leaf.011
19:26:59 | INFO: Primitives created: 1
19:26:59 | INFO: Extracting primitive: Trailing vine leaf.012
19:26:59 | INFO: Primitives created: 1
19:26:59 | INFO: Extracting primitive: Trailing vine leaf.013
19:26:59 | INFO: Primitives created: 1
19:26:59 | INFO: Extracting primitive: Trailing vine leaf.014
19:26:59 | INFO: Primitives created: 1
19:26:59 | INFO: Extracting primitive: Trailing vine leaf.015
19:26:59 | INFO: Primitives created: 1
19:26:59 | INFO: Extracting primitive: Trailing vine leaf.016
19:26:59 | INFO: Primitives created: 1
19:26:59 | INFO: Extracting primitive: Trailing vine leaf.017
19:26:59 | INFO: Primitives created: 1
19:26:59 | INFO: Extracting primitive: Trailing vine leaf.018
19:26:59 | INFO: Primitives created: 1
19:26:59 | INFO: Extracting primitive: Trailing vine leaf.019
19:26:59 | INFO: Primitives created: 1
19:26:59 | INFO: Extracting primitive: Cone.281
19:26:59 | INFO: Primitives created: 1
19:26:59 | INFO: Extracting primitive: Cone.282
19:26:59 | INFO: Primitives created: 1
19:26:59 | INFO: Extracting primitive: Cone.283
19:26:59 | INFO: Primitives created: 1
19:26:59 | INFO: Extracting primitive: Cone.284
19:26:59 | INFO: Primitives created: 1
19:26:59 | INFO: Extracting primitive: Cone.285
19:26:59 | INFO: Primitives created: 1
19:26:59 | INFO: Extracting primitive: Cone.286
19:26:59 | INFO: Primitives created: 1
19:26:59 | INFO: Extracting primitive: Cone.287
19:26:59 | INFO: Primitives created: 1
19:26:59 | INFO: Extracting primitive: Cone.288
19:26:59 | INFO: Primitives created: 1
19:26:59 | INFO: Extracting primitive: Cone.289
19:26:59 | INFO: Primitives created: 1
19:26:59 | INFO: Extracting primitive: Cone.290
19:26:59 | INFO: Primitives created: 1
19:26:59 | INFO: Extracting primitive: Cone.291
19:26:59 | INFO: Primitives created: 1
19:26:59 | INFO: Extracting primitive: Cone.292
19:26:59 | INFO: Primitives created: 1
19:26:59 | INFO: Extracting primitive: Cone.293
19:26:59 | INFO: Primitives created: 1
19:26:59 | INFO: Extracting primitive: Cone.294
19:26:59 | INFO: Primitives created: 1
19:26:59 | INFO: Extracting primitive: Cone.295
19:26:59 | INFO: Primitives created: 1
19:26:59 | INFO: Extracting primitive: Cone.296
19:26:59 | INFO: Primitives created: 1
19:26:59 | INFO: Extracting primitive: Cone.297
19:26:59 | INFO: Primitives created: 1
19:26:59 | INFO: Extracting primitive: Cone.298
19:26:59 | INFO: Primitives created: 1
19:26:59 | INFO: Extracting primitive: Cube.166
19:26:59 | INFO: Primitives created: 1
19:26:59 | INFO: Extracting primitive: Cube.232
19:26:59 | INFO: Primitives created: 1
19:26:59 | INFO: Extracting primitive: Cube.241
19:26:59 | INFO: Primitives created: 1
19:26:59 | INFO: Extracting primitive: Cube.242
19:26:59 | INFO: Primitives created: 1
19:26:59 | INFO: Extracting primitive: Cube.243
19:26:59 | INFO: Primitives created: 1
19:26:59 | INFO: Extracting primitive: White duvet with modeled folds
19:26:59 | INFO: Primitives created: 1
19:26:59 | INFO: Extracting primitive: Window garden backdrop
19:26:59 | INFO: Primitives created: 1
19:26:59 | INFO: Extracting primitive: Cube.138
19:26:59 | INFO: Primitives created: 1
19:26:59 | INFO: Extracting primitive: Cube.139
19:26:59 | INFO: Primitives created: 1
19:26:59 | INFO: Extracting primitive: Cube.140
19:26:59 | INFO: Primitives created: 1
19:26:59 | INFO: Extracting primitive: Cube.141
19:26:59 | INFO: Primitives created: 1
19:26:59 | INFO: Extracting primitive: Cube.136
19:26:59 | INFO: Primitives created: 1
19:26:59 | INFO: Extracting primitive: Cube.137
19:26:59 | INFO: Primitives created: 1
19:26:59 | INFO: Extracting primitive: Cube.142
19:26:59 | INFO: Primitives created: 1
19:27:00 | INFO: Finished glTF 2.0 export in 3.1095147132873535 s

BROWSER_EXPORT {"room": "dream", "file": "/home/jivraj/experiments/blender/dream_rooms/viewer/models/04_dream.glb", "bytes": 12767928, "authored_objects": 1035, "baked_color_materials": ["Cream woven rug with labyrinth pattern", "Honey oak furniture", "Oak floor variation 0", "Oak floor variation 1", "Oak floor variation 2", "Oak floor variation 3", "Oak floor variation 4", "Walnut detail"], "omitted": ["Presentation ground", "render cameras", "Blender light rig", "procedural micro-bump"], "material_note": "Base-color procedural textures baked on a canonical UV plane; browser lighting differs from Cycles.", "window_note": "Distant greenery is a cropped-reference backdrop, not modeled vegetation outside the room."}
Blender 5.2.2 LTS (hash d13f752e3b9c built 2026-09-15 01:34:58)

Blender quit
